LTspice 26.0.2 for Windows
Circuit: C:\Users\Owner\CLionProjects\EEL-3111C_Circuits-1\Lab-5_Operational-Amplifiers\Exercise8_a.net
Start Time: Wed Sep 30 21:53:31 2026
solver = Normal
Maximum thread count: 16
tnom = 27
temp = 27
method = trap
Direct Newton iteration failed to find operating point.
Starting Gmin stepping
Gmin stepping failed to find operating point. Use".option gminsteps=0" to skip all Gmin stepping.
Starting source stepping with srcstepmethod=0
Source stepping succeeded in finding the operating point.

Total elapsed time: 0.373 seconds.

Files loaded:
C:\Users\Owner\CLionProjects\EEL-3111C_Circuits-1\Lab-5_Operational-Amplifiers\Exercise8_a.net
C:\Users\Owner\CLionProjects\EEL-3111C_Circuits-1\Lab-5_Operational-Amplifiers\TLV271.LIB

vin: AVG(V(in))=0.10000000149 FROM 0 TO 0.001
vout: AVG(V(out))=-1.00281262398 FROM 0 TO 0.001
gain: (-Vout/Vin)=10.0281260903
