LTspice 26.0.2 for Windows
Circuit: C:\Users\Owner\CLionProjects\EEL-3111C_Circuits-1\Lab-5_Operational-Amplifiers\Exercise6_a.net
Start Time: Wed Sep 30 21:35:57 2026
solver = Normal
Maximum thread count: 16
tnom = 27
temp = 27
method = trap
Direct Newton iteration failed to find operating point.
Starting Gmin stepping
Gmin stepping failed to find operating point. Use".option gminsteps=0" to skip all Gmin stepping.
Starting source stepping with srcstepmethod=0
Source stepping succeeded in finding the operating point.

Total elapsed time: 0.066 seconds.

Files loaded:
C:\Users\Owner\CLionProjects\EEL-3111C_Circuits-1\Lab-5_Operational-Amplifiers\Exercise6_a.net
C:\Users\Owner\CLionProjects\EEL-3111C_Circuits-1\Lab-5_Operational-Amplifiers\TLV271.LIB

vinmax: MAX(V(in))=0.999998867512 FROM 0 TO 0.001
vinmmin: MIN(V(in))=-0.999999821186 FROM 0 TO 0.001
voutmax: MAX(V(out))=5.00010824203 FROM 0 TO 0.001
voutmin: MIN(V(out))=-5.00010871887 FROM 0 TO 0.001
swing: (abs(Voutmax-Voutmin))=10.0002169609
