LTspice 26.0.2 for Windows
Circuit: C:\Users\Owner\CLionProjects\EEL-3111C_Circuits-1\Lab-5_Operational-Amplifiers\Exercise5.net
Start Time: Tue Sep 29 10:56:02 2026
solver = Normal
Maximum thread count: 16
tnom = 27
temp = 27
method = trap
C:\Users\Owner\CLionProjects\EEL-3111C_Circuits-1\Lab-5_Operational-Amplifiers\Exercise5.net(4): WARNING: Specified period is not longer than the sum of Trise, Tfall, and Ton. Increasing period to 10.

V1 in 0 PULSE(0 1 0.5m 0 0 10s 0 100) AC 1
^^^^^^^^^^^^^^^^^^^^^^^^^^^^^^^^^^^^^^^^^^
C:\Users\Owner\CLionProjects\EEL-3111C_Circuits-1\Lab-5_Operational-Amplifiers\Exercise5.net(4): Limiting rise time to 1.95399e-15.

V1 in 0 PULSE(0 1 0.5m 0 0 10s 0 100) AC 1
^^^^^^^^^^^^^^^^^^^^^^^^^^^^^^^^^^^^^^^^^^
C:\Users\Owner\CLionProjects\EEL-3111C_Circuits-1\Lab-5_Operational-Amplifiers\Exercise5.net(4): Limiting fall time to 1.95399e-15.

V1 in 0 PULSE(0 1 0.5m 0 0 10s 0 100) AC 1
^^^^^^^^^^^^^^^^^^^^^^^^^^^^^^^^^^^^^^^^^^
Direct Newton iteration succeeded in finding operating point.
Total elapsed time: 0.309 seconds.

Files loaded:
C:\Users\Owner\CLionProjects\EEL-3111C_Circuits-1\Lab-5_Operational-Amplifiers\Exercise5.net
C:\Users\Owner\CLionProjects\EEL-3111C_Circuits-1\Lab-5_Operational-Amplifiers\TLV271.LIB

Measurement "time" FAIL'ed
