LTspice 26.0.2 for Windows
Circuit: C:\Users\Owner\CLionProjects\EEL-3111C_Circuits-1\Lab-5_Operational-Amplifiers\Exercise5_a.net
Start Time: Wed Sep 30 21:11:49 2026
solver = Normal
Maximum thread count: 16
tnom = 27
temp = 27
method = trap
C:\Users\Owner\CLionProjects\EEL-3111C_Circuits-1\Lab-5_Operational-Amplifiers\Exercise5_a.net(4): WARNING: Specified period is not longer than the sum of Trise, Tfall, and Ton. Increasing period to 10.

V1 in 0 PULSE(0 1 0.5m 0 0 10 0 100)
^^^^^^^^^^^^^^^^^^^^^^^^^^^^^^^^^^^^
C:\Users\Owner\CLionProjects\EEL-3111C_Circuits-1\Lab-5_Operational-Amplifiers\Exercise5_a.net(4): Limiting rise time to 1.95399e-15.

V1 in 0 PULSE(0 1 0.5m 0 0 10 0 100)
^^^^^^^^^^^^^^^^^^^^^^^^^^^^^^^^^^^^
C:\Users\Owner\CLionProjects\EEL-3111C_Circuits-1\Lab-5_Operational-Amplifiers\Exercise5_a.net(4): Limiting fall time to 1.95399e-15.

V1 in 0 PULSE(0 1 0.5m 0 0 10 0 100)
^^^^^^^^^^^^^^^^^^^^^^^^^^^^^^^^^^^^
Direct Newton iteration failed to find operating point.
Starting Gmin stepping
Gmin stepping failed to find operating point. Use".option gminsteps=0" to skip all Gmin stepping.
Starting source stepping with srcstepmethod=0
Source stepping succeeded in finding the operating point.

Total elapsed time: 0.069 seconds.

Files loaded:
C:\Users\Owner\CLionProjects\EEL-3111C_Circuits-1\Lab-5_Operational-Amplifiers\Exercise5_a.net
C:\Users\Owner\CLionProjects\EEL-3111C_Circuits-1\Lab-5_Operational-Amplifiers\TLV271.LIB

start_time: V(out)=0.01V AT 0.000500007940217
end_time: V(out)=1V AT 0.000503502719411
rise_time: (end_time-start_time)=3.49477919435e-06
slew: (1/rise_time)=286141.110607
