LTspice 26.0.2 for Windows
Circuit: C:\Users\Owner\CLionProjects\EEL-3111C_Circuits-1\Lab-3_LTspice\Examples\3-4_Monte-Carlo.net
Start Time: Tue Sep  8 04:10:32 2026
solver = Normal
Maximum thread count: 16
tnom = 27
temp = 27
method = trap
Direct Newton iteration succeeded in finding operating point.
Direct Newton iteration succeeded in finding operating point.
Direct Newton iteration succeeded in finding operating point.
Direct Newton iteration succeeded in finding operating point.
Direct Newton iteration succeeded in finding operating point.
Direct Newton iteration succeeded in finding operating point.
Direct Newton iteration succeeded in finding operating point.
Direct Newton iteration succeeded in finding operating point.
Direct Newton iteration succeeded in finding operating point.
Direct Newton iteration succeeded in finding operating point.
Direct Newton iteration succeeded in finding operating point.
Direct Newton iteration succeeded in finding operating point.
Direct Newton iteration succeeded in finding operating point.
Direct Newton iteration succeeded in finding operating point.
Direct Newton iteration succeeded in finding operating point.
Direct Newton iteration succeeded in finding operating point.
Direct Newton iteration succeeded in finding operating point.
Direct Newton iteration succeeded in finding operating point.
Direct Newton iteration succeeded in finding operating point.
Direct Newton iteration succeeded in finding operating point.
Direct Newton iteration succeeded in finding operating point.
Direct Newton iteration succeeded in finding operating point.
Direct Newton iteration succeeded in finding operating point.
Direct Newton iteration succeeded in finding operating point.
Direct Newton iteration succeeded in finding operating point.
Direct Newton iteration succeeded in finding operating point.
Direct Newton iteration succeeded in finding operating point.
Direct Newton iteration succeeded in finding operating point.
Direct Newton iteration succeeded in finding operating point.
Direct Newton iteration succeeded in finding operating point.
Direct Newton iteration succeeded in finding operating point.
Direct Newton iteration succeeded in finding operating point.
Direct Newton iteration succeeded in finding operating point.
Direct Newton iteration succeeded in finding operating point.
Direct Newton iteration succeeded in finding operating point.
Direct Newton iteration succeeded in finding operating point.
Direct Newton iteration succeeded in finding operating point.
Direct Newton iteration succeeded in finding operating point.
Direct Newton iteration succeeded in finding operating point.
Direct Newton iteration succeeded in finding operating point.
Direct Newton iteration succeeded in finding operating point.
Direct Newton iteration succeeded in finding operating point.
Direct Newton iteration succeeded in finding operating point.
Direct Newton iteration succeeded in finding operating point.
Direct Newton iteration succeeded in finding operating point.
Direct Newton iteration succeeded in finding operating point.
Direct Newton iteration succeeded in finding operating point.
Direct Newton iteration succeeded in finding operating point.
Direct Newton iteration succeeded in finding operating point.
Direct Newton iteration succeeded in finding operating point.
Direct Newton iteration succeeded in finding operating point.
Direct Newton iteration succeeded in finding operating point.
Direct Newton iteration succeeded in finding operating point.
Direct Newton iteration succeeded in finding operating point.
Direct Newton iteration succeeded in finding operating point.
Direct Newton iteration succeeded in finding operating point.
Direct Newton iteration succeeded in finding operating point.
Direct Newton iteration succeeded in finding operating point.
Direct Newton iteration succeeded in finding operating point.
Direct Newton iteration succeeded in finding operating point.
Direct Newton iteration succeeded in finding operating point.
Direct Newton iteration succeeded in finding operating point.
Direct Newton iteration succeeded in finding operating point.
Direct Newton iteration succeeded in finding operating point.
Direct Newton iteration succeeded in finding operating point.
Direct Newton iteration succeeded in finding operating point.
Direct Newton iteration succeeded in finding operating point.
Direct Newton iteration succeeded in finding operating point.
Direct Newton iteration succeeded in finding operating point.
Direct Newton iteration succeeded in finding operating point.
Direct Newton iteration succeeded in finding operating point.
Direct Newton iteration succeeded in finding operating point.
Direct Newton iteration succeeded in finding operating point.
Direct Newton iteration succeeded in finding operating point.
Direct Newton iteration succeeded in finding operating point.
Direct Newton iteration succeeded in finding operating point.
Direct Newton iteration succeeded in finding operating point.
Direct Newton iteration succeeded in finding operating point.
Direct Newton iteration succeeded in finding operating point.
Direct Newton iteration succeeded in finding operating point.
Direct Newton iteration succeeded in finding operating point.
Direct Newton iteration succeeded in finding operating point.
Direct Newton iteration succeeded in finding operating point.
Direct Newton iteration succeeded in finding operating point.
Direct Newton iteration succeeded in finding operating point.
Direct Newton iteration succeeded in finding operating point.
Direct Newton iteration succeeded in finding operating point.
Direct Newton iteration succeeded in finding operating point.
Direct Newton iteration succeeded in finding operating point.
Direct Newton iteration succeeded in finding operating point.
Direct Newton iteration succeeded in finding operating point.
Direct Newton iteration succeeded in finding operating point.
Direct Newton iteration succeeded in finding operating point.
Direct Newton iteration succeeded in finding operating point.
Direct Newton iteration succeeded in finding operating point.
Direct Newton iteration succeeded in finding operating point.
Direct Newton iteration succeeded in finding operating point.
Direct Newton iteration succeeded in finding operating point.
Direct Newton iteration succeeded in finding operating point.
Direct Newton iteration succeeded in finding operating point.
Direct Newton iteration succeeded in finding operating point.
Direct Newton iteration succeeded in finding operating point.
Direct Newton iteration succeeded in finding operating point.
Direct Newton iteration succeeded in finding operating point.
Direct Newton iteration succeeded in finding operating point.
Direct Newton iteration succeeded in finding operating point.
Direct Newton iteration succeeded in finding operating point.
Direct Newton iteration succeeded in finding operating point.
Direct Newton iteration succeeded in finding operating point.
Direct Newton iteration succeeded in finding operating point.
Direct Newton iteration succeeded in finding operating point.
Direct Newton iteration succeeded in finding operating point.
Direct Newton iteration succeeded in finding operating point.
Direct Newton iteration succeeded in finding operating point.
Direct Newton iteration succeeded in finding operating point.
Direct Newton iteration succeeded in finding operating point.
Direct Newton iteration succeeded in finding operating point.
Direct Newton iteration succeeded in finding operating point.
Direct Newton iteration succeeded in finding operating point.
Direct Newton iteration succeeded in finding operating point.
Direct Newton iteration succeeded in finding operating point.
Direct Newton iteration succeeded in finding operating point.
Direct Newton iteration succeeded in finding operating point.
Direct Newton iteration succeeded in finding operating point.
Direct Newton iteration succeeded in finding operating point.
Direct Newton iteration succeeded in finding operating point.
Direct Newton iteration succeeded in finding operating point.
Direct Newton iteration succeeded in finding operating point.
Direct Newton iteration succeeded in finding operating point.
Direct Newton iteration succeeded in finding operating point.
Direct Newton iteration succeeded in finding operating point.
Direct Newton iteration succeeded in finding operating point.
Direct Newton iteration succeeded in finding operating point.
Direct Newton iteration succeeded in finding operating point.
Direct Newton iteration succeeded in finding operating point.
Direct Newton iteration succeeded in finding operating point.
Direct Newton iteration succeeded in finding operating point.
Direct Newton iteration succeeded in finding operating point.
Direct Newton iteration succeeded in finding operating point.
Direct Newton iteration succeeded in finding operating point.
Direct Newton iteration succeeded in finding operating point.
Direct Newton iteration succeeded in finding operating point.
Direct Newton iteration succeeded in finding operating point.
Direct Newton iteration succeeded in finding operating point.
Direct Newton iteration succeeded in finding operating point.
Direct Newton iteration succeeded in finding operating point.
Direct Newton iteration succeeded in finding operating point.
Direct Newton iteration succeeded in finding operating point.
Direct Newton iteration succeeded in finding operating point.
Direct Newton iteration succeeded in finding operating point.
Direct Newton iteration succeeded in finding operating point.
Direct Newton iteration succeeded in finding operating point.
Direct Newton iteration succeeded in finding operating point.
Direct Newton iteration succeeded in finding operating point.
Direct Newton iteration succeeded in finding operating point.
Direct Newton iteration succeeded in finding operating point.
Direct Newton iteration succeeded in finding operating point.
Direct Newton iteration succeeded in finding operating point.
Direct Newton iteration succeeded in finding operating point.
Direct Newton iteration succeeded in finding operating point.
Direct Newton iteration succeeded in finding operating point.
Direct Newton iteration succeeded in finding operating point.
Direct Newton iteration succeeded in finding operating point.
Direct Newton iteration succeeded in finding operating point.
Direct Newton iteration succeeded in finding operating point.
Direct Newton iteration succeeded in finding operating point.
Direct Newton iteration succeeded in finding operating point.
Direct Newton iteration succeeded in finding operating point.
Direct Newton iteration succeeded in finding operating point.
Direct Newton iteration succeeded in finding operating point.
Direct Newton iteration succeeded in finding operating point.
Direct Newton iteration succeeded in finding operating point.
Direct Newton iteration succeeded in finding operating point.
Direct Newton iteration succeeded in finding operating point.
Direct Newton iteration succeeded in finding operating point.
Direct Newton iteration succeeded in finding operating point.
Direct Newton iteration succeeded in finding operating point.
Direct Newton iteration succeeded in finding operating point.
Direct Newton iteration succeeded in finding operating point.
Direct Newton iteration succeeded in finding operating point.
Direct Newton iteration succeeded in finding operating point.
Direct Newton iteration succeeded in finding operating point.
Direct Newton iteration succeeded in finding operating point.
Direct Newton iteration succeeded in finding operating point.
Direct Newton iteration succeeded in finding operating point.
Direct Newton iteration succeeded in finding operating point.
Direct Newton iteration succeeded in finding operating point.
Direct Newton iteration succeeded in finding operating point.
Direct Newton iteration succeeded in finding operating point.
Direct Newton iteration succeeded in finding operating point.
Direct Newton iteration succeeded in finding operating point.
Direct Newton iteration succeeded in finding operating point.
Direct Newton iteration succeeded in finding operating point.
Direct Newton iteration succeeded in finding operating point.
Direct Newton iteration succeeded in finding operating point.
Direct Newton iteration succeeded in finding operating point.
Direct Newton iteration succeeded in finding operating point.
Direct Newton iteration succeeded in finding operating point.
Direct Newton iteration succeeded in finding operating point.
Direct Newton iteration succeeded in finding operating point.
Direct Newton iteration succeeded in finding operating point.
Direct Newton iteration succeeded in finding operating point.
Direct Newton iteration succeeded in finding operating point.
Direct Newton iteration succeeded in finding operating point.
Direct Newton iteration succeeded in finding operating point.
Direct Newton iteration succeeded in finding operating point.
Direct Newton iteration succeeded in finding operating point.
Direct Newton iteration succeeded in finding operating point.
Direct Newton iteration succeeded in finding operating point.
Direct Newton iteration succeeded in finding operating point.
Direct Newton iteration succeeded in finding operating point.
Direct Newton iteration succeeded in finding operating point.
Direct Newton iteration succeeded in finding operating point.
Direct Newton iteration succeeded in finding operating point.
Direct Newton iteration succeeded in finding operating point.
Direct Newton iteration succeeded in finding operating point.
Direct Newton iteration succeeded in finding operating point.
Direct Newton iteration succeeded in finding operating point.
Direct Newton iteration succeeded in finding operating point.
Direct Newton iteration succeeded in finding operating point.
Direct Newton iteration succeeded in finding operating point.
Direct Newton iteration succeeded in finding operating point.
Direct Newton iteration succeeded in finding operating point.
Direct Newton iteration succeeded in finding operating point.
Direct Newton iteration succeeded in finding operating point.
Direct Newton iteration succeeded in finding operating point.
Direct Newton iteration succeeded in finding operating point.
Direct Newton iteration succeeded in finding operating point.
Direct Newton iteration succeeded in finding operating point.
Direct Newton iteration succeeded in finding operating point.
Direct Newton iteration succeeded in finding operating point.
Direct Newton iteration succeeded in finding operating point.
Direct Newton iteration succeeded in finding operating point.
Direct Newton iteration succeeded in finding operating point.
Direct Newton iteration succeeded in finding operating point.
Direct Newton iteration succeeded in finding operating point.
Direct Newton iteration succeeded in finding operating point.
Direct Newton iteration succeeded in finding operating point.
Direct Newton iteration succeeded in finding operating point.
Direct Newton iteration succeeded in finding operating point.
Direct Newton iteration succeeded in finding operating point.
Direct Newton iteration succeeded in finding operating point.
Direct Newton iteration succeeded in finding operating point.
Direct Newton iteration succeeded in finding operating point.
Direct Newton iteration succeeded in finding operating point.
Direct Newton iteration succeeded in finding operating point.
Direct Newton iteration succeeded in finding operating point.
Direct Newton iteration succeeded in finding operating point.
Direct Newton iteration succeeded in finding operating point.
Direct Newton iteration succeeded in finding operating point.
Direct Newton iteration succeeded in finding operating point.
Direct Newton iteration succeeded in finding operating point.
Direct Newton iteration succeeded in finding operating point.
Direct Newton iteration succeeded in finding operating point.
Direct Newton iteration succeeded in finding operating point.
Direct Newton iteration succeeded in finding operating point.
Direct Newton iteration succeeded in finding operating point.
Direct Newton iteration succeeded in finding operating point.
Direct Newton iteration succeeded in finding operating point.
Direct Newton iteration succeeded in finding operating point.
Direct Newton iteration succeeded in finding operating point.
Direct Newton iteration succeeded in finding operating point.
Direct Newton iteration succeeded in finding operating point.
Direct Newton iteration succeeded in finding operating point.
Direct Newton iteration succeeded in finding operating point.
Direct Newton iteration succeeded in finding operating point.
Direct Newton iteration succeeded in finding operating point.
Direct Newton iteration succeeded in finding operating point.
Direct Newton iteration succeeded in finding operating point.
Direct Newton iteration succeeded in finding operating point.
Direct Newton iteration succeeded in finding operating point.
Direct Newton iteration succeeded in finding operating point.
Direct Newton iteration succeeded in finding operating point.
Direct Newton iteration succeeded in finding operating point.
Direct Newton iteration succeeded in finding operating point.
Direct Newton iteration succeeded in finding operating point.
Direct Newton iteration succeeded in finding operating point.
Direct Newton iteration succeeded in finding operating point.
Direct Newton iteration succeeded in finding operating point.
Direct Newton iteration succeeded in finding operating point.
Direct Newton iteration succeeded in finding operating point.
Direct Newton iteration succeeded in finding operating point.
Direct Newton iteration succeeded in finding operating point.
Direct Newton iteration succeeded in finding operating point.
Direct Newton iteration succeeded in finding operating point.
Direct Newton iteration succeeded in finding operating point.
Direct Newton iteration succeeded in finding operating point.
Direct Newton iteration succeeded in finding operating point.
Direct Newton iteration succeeded in finding operating point.
Direct Newton iteration succeeded in finding operating point.
Direct Newton iteration succeeded in finding operating point.
Direct Newton iteration succeeded in finding operating point.
Direct Newton iteration succeeded in finding operating point.
Direct Newton iteration succeeded in finding operating point.
Direct Newton iteration succeeded in finding operating point.
Direct Newton iteration succeeded in finding operating point.
Direct Newton iteration succeeded in finding operating point.
Direct Newton iteration succeeded in finding operating point.
Direct Newton iteration succeeded in finding operating point.
Direct Newton iteration succeeded in finding operating point.
Direct Newton iteration succeeded in finding operating point.
Direct Newton iteration succeeded in finding operating point.
Direct Newton iteration succeeded in finding operating point.
Direct Newton iteration succeeded in finding operating point.
Direct Newton iteration succeeded in finding operating point.
Direct Newton iteration succeeded in finding operating point.
Direct Newton iteration succeeded in finding operating point.
Direct Newton iteration succeeded in finding operating point.
Direct Newton iteration succeeded in finding operating point.
Direct Newton iteration succeeded in finding operating point.
Direct Newton iteration succeeded in finding operating point.
Direct Newton iteration succeeded in finding operating point.
Direct Newton iteration succeeded in finding operating point.
Direct Newton iteration succeeded in finding operating point.
Direct Newton iteration succeeded in finding operating point.
Direct Newton iteration succeeded in finding operating point.
Direct Newton iteration succeeded in finding operating point.
Direct Newton iteration succeeded in finding operating point.
Direct Newton iteration succeeded in finding operating point.
Direct Newton iteration succeeded in finding operating point.
Direct Newton iteration succeeded in finding operating point.
Direct Newton iteration succeeded in finding operating point.
Direct Newton iteration succeeded in finding operating point.
Direct Newton iteration succeeded in finding operating point.
Direct Newton iteration succeeded in finding operating point.
Direct Newton iteration succeeded in finding operating point.
Direct Newton iteration succeeded in finding operating point.
Direct Newton iteration succeeded in finding operating point.
Direct Newton iteration succeeded in finding operating point.
Direct Newton iteration succeeded in finding operating point.
Direct Newton iteration succeeded in finding operating point.
Direct Newton iteration succeeded in finding operating point.
Direct Newton iteration succeeded in finding operating point.
Direct Newton iteration succeeded in finding operating point.
Direct Newton iteration succeeded in finding operating point.
Direct Newton iteration succeeded in finding operating point.
Direct Newton iteration succeeded in finding operating point.
Direct Newton iteration succeeded in finding operating point.
Direct Newton iteration succeeded in finding operating point.
Direct Newton iteration succeeded in finding operating point.
Direct Newton iteration succeeded in finding operating point.
Direct Newton iteration succeeded in finding operating point.
Direct Newton iteration succeeded in finding operating point.
Direct Newton iteration succeeded in finding operating point.
Direct Newton iteration succeeded in finding operating point.
Direct Newton iteration succeeded in finding operating point.
Direct Newton iteration succeeded in finding operating point.
Direct Newton iteration succeeded in finding operating point.
Direct Newton iteration succeeded in finding operating point.
Direct Newton iteration succeeded in finding operating point.
Direct Newton iteration succeeded in finding operating point.
Direct Newton iteration succeeded in finding operating point.
Direct Newton iteration succeeded in finding operating point.
Direct Newton iteration succeeded in finding operating point.
Direct Newton iteration succeeded in finding operating point.
Direct Newton iteration succeeded in finding operating point.
Direct Newton iteration succeeded in finding operating point.
Direct Newton iteration succeeded in finding operating point.
Direct Newton iteration succeeded in finding operating point.
Direct Newton iteration succeeded in finding operating point.
Direct Newton iteration succeeded in finding operating point.
Direct Newton iteration succeeded in finding operating point.
Direct Newton iteration succeeded in finding operating point.
Direct Newton iteration succeeded in finding operating point.
Direct Newton iteration succeeded in finding operating point.
Direct Newton iteration succeeded in finding operating point.
Direct Newton iteration succeeded in finding operating point.
Direct Newton iteration succeeded in finding operating point.
Direct Newton iteration succeeded in finding operating point.
Direct Newton iteration succeeded in finding operating point.
Direct Newton iteration succeeded in finding operating point.
Direct Newton iteration succeeded in finding operating point.
Direct Newton iteration succeeded in finding operating point.
Direct Newton iteration succeeded in finding operating point.
Direct Newton iteration succeeded in finding operating point.
Direct Newton iteration succeeded in finding operating point.
Direct Newton iteration succeeded in finding operating point.
Direct Newton iteration succeeded in finding operating point.
Direct Newton iteration succeeded in finding operating point.
Direct Newton iteration succeeded in finding operating point.
Direct Newton iteration succeeded in finding operating point.
Direct Newton iteration succeeded in finding operating point.
Direct Newton iteration succeeded in finding operating point.
Direct Newton iteration succeeded in finding operating point.
Direct Newton iteration succeeded in finding operating point.
Direct Newton iteration succeeded in finding operating point.
Direct Newton iteration succeeded in finding operating point.
Direct Newton iteration succeeded in finding operating point.
Direct Newton iteration succeeded in finding operating point.
Direct Newton iteration succeeded in finding operating point.
Direct Newton iteration succeeded in finding operating point.
Direct Newton iteration succeeded in finding operating point.
Direct Newton iteration succeeded in finding operating point.
Direct Newton iteration succeeded in finding operating point.
Direct Newton iteration succeeded in finding operating point.
Direct Newton iteration succeeded in finding operating point.
Direct Newton iteration succeeded in finding operating point.
Direct Newton iteration succeeded in finding operating point.
Direct Newton iteration succeeded in finding operating point.
Direct Newton iteration succeeded in finding operating point.
Direct Newton iteration succeeded in finding operating point.
Direct Newton iteration succeeded in finding operating point.
Direct Newton iteration succeeded in finding operating point.
Direct Newton iteration succeeded in finding operating point.
Direct Newton iteration succeeded in finding operating point.
Direct Newton iteration succeeded in finding operating point.
Direct Newton iteration succeeded in finding operating point.
Direct Newton iteration succeeded in finding operating point.
Direct Newton iteration succeeded in finding operating point.
Direct Newton iteration succeeded in finding operating point.
Direct Newton iteration succeeded in finding operating point.
Direct Newton iteration succeeded in finding operating point.
Direct Newton iteration succeeded in finding operating point.
Direct Newton iteration succeeded in finding operating point.
Direct Newton iteration succeeded in finding operating point.
Direct Newton iteration succeeded in finding operating point.
Direct Newton iteration succeeded in finding operating point.
Direct Newton iteration succeeded in finding operating point.
Direct Newton iteration succeeded in finding operating point.
Direct Newton iteration succeeded in finding operating point.
Direct Newton iteration succeeded in finding operating point.
Direct Newton iteration succeeded in finding operating point.
Direct Newton iteration succeeded in finding operating point.
Direct Newton iteration succeeded in finding operating point.
Direct Newton iteration succeeded in finding operating point.
Direct Newton iteration succeeded in finding operating point.
Direct Newton iteration succeeded in finding operating point.
Direct Newton iteration succeeded in finding operating point.
Direct Newton iteration succeeded in finding operating point.
Direct Newton iteration succeeded in finding operating point.
Direct Newton iteration succeeded in finding operating point.
Direct Newton iteration succeeded in finding operating point.
Direct Newton iteration succeeded in finding operating point.
Direct Newton iteration succeeded in finding operating point.
Direct Newton iteration succeeded in finding operating point.
Direct Newton iteration succeeded in finding operating point.
Direct Newton iteration succeeded in finding operating point.
Direct Newton iteration succeeded in finding operating point.
Direct Newton iteration succeeded in finding operating point.
Direct Newton iteration succeeded in finding operating point.
Direct Newton iteration succeeded in finding operating point.
Direct Newton iteration succeeded in finding operating point.
Direct Newton iteration succeeded in finding operating point.
Direct Newton iteration succeeded in finding operating point.
Direct Newton iteration succeeded in finding operating point.
Direct Newton iteration succeeded in finding operating point.
Direct Newton iteration succeeded in finding operating point.
Direct Newton iteration succeeded in finding operating point.
Direct Newton iteration succeeded in finding operating point.
Direct Newton iteration succeeded in finding operating point.
Direct Newton iteration succeeded in finding operating point.
Direct Newton iteration succeeded in finding operating point.
Direct Newton iteration succeeded in finding operating point.
Direct Newton iteration succeeded in finding operating point.
Direct Newton iteration succeeded in finding operating point.
Direct Newton iteration succeeded in finding operating point.
Direct Newton iteration succeeded in finding operating point.
Direct Newton iteration succeeded in finding operating point.
Direct Newton iteration succeeded in finding operating point.
Direct Newton iteration succeeded in finding operating point.
Direct Newton iteration succeeded in finding operating point.
Direct Newton iteration succeeded in finding operating point.
Direct Newton iteration succeeded in finding operating point.
Direct Newton iteration succeeded in finding operating point.
Direct Newton iteration succeeded in finding operating point.
Direct Newton iteration succeeded in finding operating point.
Direct Newton iteration succeeded in finding operating point.
Direct Newton iteration succeeded in finding operating point.
Direct Newton iteration succeeded in finding operating point.
Direct Newton iteration succeeded in finding operating point.
Direct Newton iteration succeeded in finding operating point.
Direct Newton iteration succeeded in finding operating point.
Direct Newton iteration succeeded in finding operating point.
Direct Newton iteration succeeded in finding operating point.
Direct Newton iteration succeeded in finding operating point.
Direct Newton iteration succeeded in finding operating point.
Direct Newton iteration succeeded in finding operating point.
Direct Newton iteration succeeded in finding operating point.
Direct Newton iteration succeeded in finding operating point.
Direct Newton iteration succeeded in finding operating point.
Direct Newton iteration succeeded in finding operating point.
Direct Newton iteration succeeded in finding operating point.
Direct Newton iteration succeeded in finding operating point.
Direct Newton iteration succeeded in finding operating point.
Direct Newton iteration succeeded in finding operating point.
Direct Newton iteration succeeded in finding operating point.
Direct Newton iteration succeeded in finding operating point.
Direct Newton iteration succeeded in finding operating point.
Direct Newton iteration succeeded in finding operating point.
Direct Newton iteration succeeded in finding operating point.
Direct Newton iteration succeeded in finding operating point.
Direct Newton iteration succeeded in finding operating point.
Direct Newton iteration succeeded in finding operating point.
Direct Newton iteration succeeded in finding operating point.
Direct Newton iteration succeeded in finding operating point.
Direct Newton iteration succeeded in finding operating point.
Direct Newton iteration succeeded in finding operating point.
Direct Newton iteration succeeded in finding operating point.
Direct Newton iteration succeeded in finding operating point.
Direct Newton iteration succeeded in finding operating point.
Direct Newton iteration succeeded in finding operating point.
Direct Newton iteration succeeded in finding operating point.
Direct Newton iteration succeeded in finding operating point.
Direct Newton iteration succeeded in finding operating point.
Direct Newton iteration succeeded in finding operating point.
Direct Newton iteration succeeded in finding operating point.
Direct Newton iteration succeeded in finding operating point.
Direct Newton iteration succeeded in finding operating point.
Direct Newton iteration succeeded in finding operating point.
Direct Newton iteration succeeded in finding operating point.
Direct Newton iteration succeeded in finding operating point.
Direct Newton iteration succeeded in finding operating point.
Direct Newton iteration succeeded in finding operating point.
Direct Newton iteration succeeded in finding operating point.
Direct Newton iteration succeeded in finding operating point.
Direct Newton iteration succeeded in finding operating point.
Direct Newton iteration succeeded in finding operating point.
Direct Newton iteration succeeded in finding operating point.
Direct Newton iteration succeeded in finding operating point.
Direct Newton iteration succeeded in finding operating point.
Direct Newton iteration succeeded in finding operating point.
Direct Newton iteration succeeded in finding operating point.
Direct Newton iteration succeeded in finding operating point.
Direct Newton iteration succeeded in finding operating point.
Direct Newton iteration succeeded in finding operating point.
Direct Newton iteration succeeded in finding operating point.
Direct Newton iteration succeeded in finding operating point.
Direct Newton iteration succeeded in finding operating point.
Direct Newton iteration succeeded in finding operating point.
Direct Newton iteration succeeded in finding operating point.
Direct Newton iteration succeeded in finding operating point.
Direct Newton iteration succeeded in finding operating point.
Direct Newton iteration succeeded in finding operating point.
Direct Newton iteration succeeded in finding operating point.
Direct Newton iteration succeeded in finding operating point.
Direct Newton iteration succeeded in finding operating point.
Direct Newton iteration succeeded in finding operating point.
Direct Newton iteration succeeded in finding operating point.
Direct Newton iteration succeeded in finding operating point.
Direct Newton iteration succeeded in finding operating point.
Direct Newton iteration succeeded in finding operating point.
Direct Newton iteration succeeded in finding operating point.
Direct Newton iteration succeeded in finding operating point.
Direct Newton iteration succeeded in finding operating point.
Direct Newton iteration succeeded in finding operating point.
Direct Newton iteration succeeded in finding operating point.
Direct Newton iteration succeeded in finding operating point.
Direct Newton iteration succeeded in finding operating point.
Direct Newton iteration succeeded in finding operating point.
Direct Newton iteration succeeded in finding operating point.
Direct Newton iteration succeeded in finding operating point.
Direct Newton iteration succeeded in finding operating point.
Direct Newton iteration succeeded in finding operating point.
Direct Newton iteration succeeded in finding operating point.
Direct Newton iteration succeeded in finding operating point.
Direct Newton iteration succeeded in finding operating point.
Direct Newton iteration succeeded in finding operating point.
Direct Newton iteration succeeded in finding operating point.
Direct Newton iteration succeeded in finding operating point.
Direct Newton iteration succeeded in finding operating point.
Direct Newton iteration succeeded in finding operating point.
Direct Newton iteration succeeded in finding operating point.
Direct Newton iteration succeeded in finding operating point.
Direct Newton iteration succeeded in finding operating point.
Direct Newton iteration succeeded in finding operating point.
Direct Newton iteration succeeded in finding operating point.
Direct Newton iteration succeeded in finding operating point.
Direct Newton iteration succeeded in finding operating point.
Direct Newton iteration succeeded in finding operating point.
Direct Newton iteration succeeded in finding operating point.
Direct Newton iteration succeeded in finding operating point.
Direct Newton iteration succeeded in finding operating point.
Direct Newton iteration succeeded in finding operating point.
Direct Newton iteration succeeded in finding operating point.
Direct Newton iteration succeeded in finding operating point.
Direct Newton iteration succeeded in finding operating point.
Direct Newton iteration succeeded in finding operating point.
Direct Newton iteration succeeded in finding operating point.
Direct Newton iteration succeeded in finding operating point.
Direct Newton iteration succeeded in finding operating point.
Direct Newton iteration succeeded in finding operating point.
Direct Newton iteration succeeded in finding operating point.
Direct Newton iteration succeeded in finding operating point.
Direct Newton iteration succeeded in finding operating point.
Direct Newton iteration succeeded in finding operating point.
Direct Newton iteration succeeded in finding operating point.
Direct Newton iteration succeeded in finding operating point.
Direct Newton iteration succeeded in finding operating point.
Direct Newton iteration succeeded in finding operating point.
Direct Newton iteration succeeded in finding operating point.
Direct Newton iteration succeeded in finding operating point.
Direct Newton iteration succeeded in finding operating point.
Direct Newton iteration succeeded in finding operating point.
Direct Newton iteration succeeded in finding operating point.
Direct Newton iteration succeeded in finding operating point.
Direct Newton iteration succeeded in finding operating point.
Direct Newton iteration succeeded in finding operating point.
Direct Newton iteration succeeded in finding operating point.
Direct Newton iteration succeeded in finding operating point.
Direct Newton iteration succeeded in finding operating point.
Direct Newton iteration succeeded in finding operating point.
Direct Newton iteration succeeded in finding operating point.
Direct Newton iteration succeeded in finding operating point.
Direct Newton iteration succeeded in finding operating point.
Direct Newton iteration succeeded in finding operating point.
Direct Newton iteration succeeded in finding operating point.
Direct Newton iteration succeeded in finding operating point.
Direct Newton iteration succeeded in finding operating point.
Direct Newton iteration succeeded in finding operating point.
Direct Newton iteration succeeded in finding operating point.
Direct Newton iteration succeeded in finding operating point.
Direct Newton iteration succeeded in finding operating point.
Direct Newton iteration succeeded in finding operating point.
Direct Newton iteration succeeded in finding operating point.
Direct Newton iteration succeeded in finding operating point.
Direct Newton iteration succeeded in finding operating point.
Direct Newton iteration succeeded in finding operating point.
Direct Newton iteration succeeded in finding operating point.
Direct Newton iteration succeeded in finding operating point.
Direct Newton iteration succeeded in finding operating point.
Direct Newton iteration succeeded in finding operating point.
Direct Newton iteration succeeded in finding operating point.
Direct Newton iteration succeeded in finding operating point.
Direct Newton iteration succeeded in finding operating point.
Direct Newton iteration succeeded in finding operating point.
Direct Newton iteration succeeded in finding operating point.
Direct Newton iteration succeeded in finding operating point.
Direct Newton iteration succeeded in finding operating point.
Direct Newton iteration succeeded in finding operating point.
Direct Newton iteration succeeded in finding operating point.
Direct Newton iteration succeeded in finding operating point.
Direct Newton iteration succeeded in finding operating point.
Direct Newton iteration succeeded in finding operating point.
Direct Newton iteration succeeded in finding operating point.
Direct Newton iteration succeeded in finding operating point.
Direct Newton iteration succeeded in finding operating point.
Direct Newton iteration succeeded in finding operating point.
Direct Newton iteration succeeded in finding operating point.
Direct Newton iteration succeeded in finding operating point.
Direct Newton iteration succeeded in finding operating point.
Direct Newton iteration succeeded in finding operating point.
Direct Newton iteration succeeded in finding operating point.
Direct Newton iteration succeeded in finding operating point.
Direct Newton iteration succeeded in finding operating point.
Direct Newton iteration succeeded in finding operating point.
Direct Newton iteration succeeded in finding operating point.
Direct Newton iteration succeeded in finding operating point.
Direct Newton iteration succeeded in finding operating point.
Direct Newton iteration succeeded in finding operating point.
Direct Newton iteration succeeded in finding operating point.
Direct Newton iteration succeeded in finding operating point.
Direct Newton iteration succeeded in finding operating point.
Direct Newton iteration succeeded in finding operating point.
Direct Newton iteration succeeded in finding operating point.
Direct Newton iteration succeeded in finding operating point.
Direct Newton iteration succeeded in finding operating point.
Direct Newton iteration succeeded in finding operating point.
Direct Newton iteration succeeded in finding operating point.
Direct Newton iteration succeeded in finding operating point.
Direct Newton iteration succeeded in finding operating point.
Direct Newton iteration succeeded in finding operating point.
Direct Newton iteration succeeded in finding operating point.
Direct Newton iteration succeeded in finding operating point.
Direct Newton iteration succeeded in finding operating point.
Direct Newton iteration succeeded in finding operating point.
Direct Newton iteration succeeded in finding operating point.
Direct Newton iteration succeeded in finding operating point.
Direct Newton iteration succeeded in finding operating point.
Direct Newton iteration succeeded in finding operating point.
Direct Newton iteration succeeded in finding operating point.
Direct Newton iteration succeeded in finding operating point.
Direct Newton iteration succeeded in finding operating point.
Direct Newton iteration succeeded in finding operating point.
Direct Newton iteration succeeded in finding operating point.
Direct Newton iteration succeeded in finding operating point.
Direct Newton iteration succeeded in finding operating point.
Direct Newton iteration succeeded in finding operating point.
Direct Newton iteration succeeded in finding operating point.
Direct Newton iteration succeeded in finding operating point.
Direct Newton iteration succeeded in finding operating point.
Direct Newton iteration succeeded in finding operating point.
Direct Newton iteration succeeded in finding operating point.
Direct Newton iteration succeeded in finding operating point.
Direct Newton iteration succeeded in finding operating point.
Direct Newton iteration succeeded in finding operating point.
Direct Newton iteration succeeded in finding operating point.
Direct Newton iteration succeeded in finding operating point.
Direct Newton iteration succeeded in finding operating point.
Direct Newton iteration succeeded in finding operating point.
Direct Newton iteration succeeded in finding operating point.
Direct Newton iteration succeeded in finding operating point.
Direct Newton iteration succeeded in finding operating point.
Direct Newton iteration succeeded in finding operating point.
Direct Newton iteration succeeded in finding operating point.
Direct Newton iteration succeeded in finding operating point.
Direct Newton iteration succeeded in finding operating point.
Direct Newton iteration succeeded in finding operating point.
Direct Newton iteration succeeded in finding operating point.
Direct Newton iteration succeeded in finding operating point.
Direct Newton iteration succeeded in finding operating point.
Direct Newton iteration succeeded in finding operating point.
Direct Newton iteration succeeded in finding operating point.
Direct Newton iteration succeeded in finding operating point.
Direct Newton iteration succeeded in finding operating point.
Direct Newton iteration succeeded in finding operating point.
Direct Newton iteration succeeded in finding operating point.
Direct Newton iteration succeeded in finding operating point.
Direct Newton iteration succeeded in finding operating point.
Direct Newton iteration succeeded in finding operating point.
Direct Newton iteration succeeded in finding operating point.
Direct Newton iteration succeeded in finding operating point.
Direct Newton iteration succeeded in finding operating point.
Direct Newton iteration succeeded in finding operating point.
Direct Newton iteration succeeded in finding operating point.
Direct Newton iteration succeeded in finding operating point.
Direct Newton iteration succeeded in finding operating point.
Direct Newton iteration succeeded in finding operating point.
Direct Newton iteration succeeded in finding operating point.
Direct Newton iteration succeeded in finding operating point.
Direct Newton iteration succeeded in finding operating point.
Direct Newton iteration succeeded in finding operating point.
Direct Newton iteration succeeded in finding operating point.
Direct Newton iteration succeeded in finding operating point.
Direct Newton iteration succeeded in finding operating point.
Direct Newton iteration succeeded in finding operating point.
Direct Newton iteration succeeded in finding operating point.
Direct Newton iteration succeeded in finding operating point.
Direct Newton iteration succeeded in finding operating point.
Direct Newton iteration succeeded in finding operating point.
Direct Newton iteration succeeded in finding operating point.
Direct Newton iteration succeeded in finding operating point.
Direct Newton iteration succeeded in finding operating point.
Direct Newton iteration succeeded in finding operating point.
Direct Newton iteration succeeded in finding operating point.
Direct Newton iteration succeeded in finding operating point.
Direct Newton iteration succeeded in finding operating point.
Direct Newton iteration succeeded in finding operating point.
Direct Newton iteration succeeded in finding operating point.
Direct Newton iteration succeeded in finding operating point.
Direct Newton iteration succeeded in finding operating point.
Direct Newton iteration succeeded in finding operating point.
Direct Newton iteration succeeded in finding operating point.
Direct Newton iteration succeeded in finding operating point.
Direct Newton iteration succeeded in finding operating point.
Direct Newton iteration succeeded in finding operating point.
Direct Newton iteration succeeded in finding operating point.
Direct Newton iteration succeeded in finding operating point.
Direct Newton iteration succeeded in finding operating point.
Direct Newton iteration succeeded in finding operating point.
Direct Newton iteration succeeded in finding operating point.
Direct Newton iteration succeeded in finding operating point.
Direct Newton iteration succeeded in finding operating point.
Direct Newton iteration succeeded in finding operating point.
Direct Newton iteration succeeded in finding operating point.
Direct Newton iteration succeeded in finding operating point.
Direct Newton iteration succeeded in finding operating point.
Direct Newton iteration succeeded in finding operating point.
Direct Newton iteration succeeded in finding operating point.
Direct Newton iteration succeeded in finding operating point.
Direct Newton iteration succeeded in finding operating point.
Direct Newton iteration succeeded in finding operating point.
Direct Newton iteration succeeded in finding operating point.
Direct Newton iteration succeeded in finding operating point.
Direct Newton iteration succeeded in finding operating point.
Direct Newton iteration succeeded in finding operating point.
Direct Newton iteration succeeded in finding operating point.
Direct Newton iteration succeeded in finding operating point.
Direct Newton iteration succeeded in finding operating point.
Direct Newton iteration succeeded in finding operating point.
Direct Newton iteration succeeded in finding operating point.
Direct Newton iteration succeeded in finding operating point.
Direct Newton iteration succeeded in finding operating point.
Direct Newton iteration succeeded in finding operating point.
Direct Newton iteration succeeded in finding operating point.
Direct Newton iteration succeeded in finding operating point.
Direct Newton iteration succeeded in finding operating point.
Direct Newton iteration succeeded in finding operating point.
Direct Newton iteration succeeded in finding operating point.
Direct Newton iteration succeeded in finding operating point.
Direct Newton iteration succeeded in finding operating point.
Direct Newton iteration succeeded in finding operating point.
Direct Newton iteration succeeded in finding operating point.
Direct Newton iteration succeeded in finding operating point.
Direct Newton iteration succeeded in finding operating point.
Direct Newton iteration succeeded in finding operating point.
Direct Newton iteration succeeded in finding operating point.
Direct Newton iteration succeeded in finding operating point.
Direct Newton iteration succeeded in finding operating point.
Direct Newton iteration succeeded in finding operating point.
Direct Newton iteration succeeded in finding operating point.
Direct Newton iteration succeeded in finding operating point.
Direct Newton iteration succeeded in finding operating point.
Direct Newton iteration succeeded in finding operating point.
Direct Newton iteration succeeded in finding operating point.
Direct Newton iteration succeeded in finding operating point.
Direct Newton iteration succeeded in finding operating point.
Direct Newton iteration succeeded in finding operating point.
Direct Newton iteration succeeded in finding operating point.
Direct Newton iteration succeeded in finding operating point.
Direct Newton iteration succeeded in finding operating point.
Direct Newton iteration succeeded in finding operating point.
Direct Newton iteration succeeded in finding operating point.
Direct Newton iteration succeeded in finding operating point.
Direct Newton iteration succeeded in finding operating point.
Direct Newton iteration succeeded in finding operating point.
Direct Newton iteration succeeded in finding operating point.
Direct Newton iteration succeeded in finding operating point.
Direct Newton iteration succeeded in finding operating point.
Direct Newton iteration succeeded in finding operating point.
Direct Newton iteration succeeded in finding operating point.
Direct Newton iteration succeeded in finding operating point.
Direct Newton iteration succeeded in finding operating point.
Direct Newton iteration succeeded in finding operating point.
Direct Newton iteration succeeded in finding operating point.
Direct Newton iteration succeeded in finding operating point.
Direct Newton iteration succeeded in finding operating point.
Direct Newton iteration succeeded in finding operating point.
Direct Newton iteration succeeded in finding operating point.
Direct Newton iteration succeeded in finding operating point.
Direct Newton iteration succeeded in finding operating point.
Direct Newton iteration succeeded in finding operating point.
Direct Newton iteration succeeded in finding operating point.
Direct Newton iteration succeeded in finding operating point.
Direct Newton iteration succeeded in finding operating point.
Direct Newton iteration succeeded in finding operating point.
Direct Newton iteration succeeded in finding operating point.
Direct Newton iteration succeeded in finding operating point.
Direct Newton iteration succeeded in finding operating point.
Direct Newton iteration succeeded in finding operating point.
Direct Newton iteration succeeded in finding operating point.
Direct Newton iteration succeeded in finding operating point.
Direct Newton iteration succeeded in finding operating point.
Direct Newton iteration succeeded in finding operating point.
Direct Newton iteration succeeded in finding operating point.
Direct Newton iteration succeeded in finding operating point.
Direct Newton iteration succeeded in finding operating point.
Direct Newton iteration succeeded in finding operating point.
Direct Newton iteration succeeded in finding operating point.
Direct Newton iteration succeeded in finding operating point.
Direct Newton iteration succeeded in finding operating point.
Direct Newton iteration succeeded in finding operating point.
Direct Newton iteration succeeded in finding operating point.
Direct Newton iteration succeeded in finding operating point.
Direct Newton iteration succeeded in finding operating point.
Direct Newton iteration succeeded in finding operating point.
Direct Newton iteration succeeded in finding operating point.
Direct Newton iteration succeeded in finding operating point.
Direct Newton iteration succeeded in finding operating point.
Direct Newton iteration succeeded in finding operating point.
Direct Newton iteration succeeded in finding operating point.
Direct Newton iteration succeeded in finding operating point.
Direct Newton iteration succeeded in finding operating point.
Direct Newton iteration succeeded in finding operating point.
Direct Newton iteration succeeded in finding operating point.
Direct Newton iteration succeeded in finding operating point.
Direct Newton iteration succeeded in finding operating point.
Direct Newton iteration succeeded in finding operating point.
Direct Newton iteration succeeded in finding operating point.
Direct Newton iteration succeeded in finding operating point.
Direct Newton iteration succeeded in finding operating point.
Direct Newton iteration succeeded in finding operating point.
Direct Newton iteration succeeded in finding operating point.
Direct Newton iteration succeeded in finding operating point.
Direct Newton iteration succeeded in finding operating point.
Direct Newton iteration succeeded in finding operating point.
Direct Newton iteration succeeded in finding operating point.
Direct Newton iteration succeeded in finding operating point.
Direct Newton iteration succeeded in finding operating point.
Direct Newton iteration succeeded in finding operating point.
Direct Newton iteration succeeded in finding operating point.
Direct Newton iteration succeeded in finding operating point.
Direct Newton iteration succeeded in finding operating point.
Direct Newton iteration succeeded in finding operating point.
Direct Newton iteration succeeded in finding operating point.
Direct Newton iteration succeeded in finding operating point.
Direct Newton iteration succeeded in finding operating point.
Direct Newton iteration succeeded in finding operating point.
Direct Newton iteration succeeded in finding operating point.
Direct Newton iteration succeeded in finding operating point.
Direct Newton iteration succeeded in finding operating point.
Direct Newton iteration succeeded in finding operating point.
Direct Newton iteration succeeded in finding operating point.
Direct Newton iteration succeeded in finding operating point.
Direct Newton iteration succeeded in finding operating point.
Direct Newton iteration succeeded in finding operating point.
Direct Newton iteration succeeded in finding operating point.
Direct Newton iteration succeeded in finding operating point.
Direct Newton iteration succeeded in finding operating point.
Direct Newton iteration succeeded in finding operating point.
Direct Newton iteration succeeded in finding operating point.
Direct Newton iteration succeeded in finding operating point.
Direct Newton iteration succeeded in finding operating point.
Direct Newton iteration succeeded in finding operating point.
Direct Newton iteration succeeded in finding operating point.
Direct Newton iteration succeeded in finding operating point.
Direct Newton iteration succeeded in finding operating point.
Direct Newton iteration succeeded in finding operating point.
Direct Newton iteration succeeded in finding operating point.
Direct Newton iteration succeeded in finding operating point.
Direct Newton iteration succeeded in finding operating point.
Direct Newton iteration succeeded in finding operating point.
Direct Newton iteration succeeded in finding operating point.
Direct Newton iteration succeeded in finding operating point.
Direct Newton iteration succeeded in finding operating point.
Direct Newton iteration succeeded in finding operating point.
Direct Newton iteration succeeded in finding operating point.
Direct Newton iteration succeeded in finding operating point.
Direct Newton iteration succeeded in finding operating point.
Direct Newton iteration succeeded in finding operating point.
Direct Newton iteration succeeded in finding operating point.
Direct Newton iteration succeeded in finding operating point.
Direct Newton iteration succeeded in finding operating point.
Direct Newton iteration succeeded in finding operating point.
Direct Newton iteration succeeded in finding operating point.
Direct Newton iteration succeeded in finding operating point.
Direct Newton iteration succeeded in finding operating point.
Direct Newton iteration succeeded in finding operating point.
Direct Newton iteration succeeded in finding operating point.
Direct Newton iteration succeeded in finding operating point.
Direct Newton iteration succeeded in finding operating point.
Direct Newton iteration succeeded in finding operating point.
Direct Newton iteration succeeded in finding operating point.
Direct Newton iteration succeeded in finding operating point.
Direct Newton iteration succeeded in finding operating point.
Direct Newton iteration succeeded in finding operating point.
Direct Newton iteration succeeded in finding operating point.
Direct Newton iteration succeeded in finding operating point.
Direct Newton iteration succeeded in finding operating point.
Direct Newton iteration succeeded in finding operating point.
Direct Newton iteration succeeded in finding operating point.
Direct Newton iteration succeeded in finding operating point.
Direct Newton iteration succeeded in finding operating point.
Direct Newton iteration succeeded in finding operating point.
Direct Newton iteration succeeded in finding operating point.
Direct Newton iteration succeeded in finding operating point.
Direct Newton iteration succeeded in finding operating point.
Direct Newton iteration succeeded in finding operating point.
Direct Newton iteration succeeded in finding operating point.
Direct Newton iteration succeeded in finding operating point.
Direct Newton iteration succeeded in finding operating point.
Direct Newton iteration succeeded in finding operating point.
Direct Newton iteration succeeded in finding operating point.
Direct Newton iteration succeeded in finding operating point.
Direct Newton iteration succeeded in finding operating point.
Direct Newton iteration succeeded in finding operating point.
Direct Newton iteration succeeded in finding operating point.
Direct Newton iteration succeeded in finding operating point.
Direct Newton iteration succeeded in finding operating point.
Direct Newton iteration succeeded in finding operating point.
Direct Newton iteration succeeded in finding operating point.
Direct Newton iteration succeeded in finding operating point.
Direct Newton iteration succeeded in finding operating point.
Direct Newton iteration succeeded in finding operating point.
Direct Newton iteration succeeded in finding operating point.
Direct Newton iteration succeeded in finding operating point.
Direct Newton iteration succeeded in finding operating point.
Direct Newton iteration succeeded in finding operating point.
Direct Newton iteration succeeded in finding operating point.
Direct Newton iteration succeeded in finding operating point.
Direct Newton iteration succeeded in finding operating point.
Direct Newton iteration succeeded in finding operating point.
Direct Newton iteration succeeded in finding operating point.
Direct Newton iteration succeeded in finding operating point.
Direct Newton iteration succeeded in finding operating point.
Direct Newton iteration succeeded in finding operating point.
Direct Newton iteration succeeded in finding operating point.
Direct Newton iteration succeeded in finding operating point.
Direct Newton iteration succeeded in finding operating point.
Direct Newton iteration succeeded in finding operating point.
Direct Newton iteration succeeded in finding operating point.
Direct Newton iteration succeeded in finding operating point.
Direct Newton iteration succeeded in finding operating point.
Direct Newton iteration succeeded in finding operating point.
Direct Newton iteration succeeded in finding operating point.
Direct Newton iteration succeeded in finding operating point.
Direct Newton iteration succeeded in finding operating point.
Direct Newton iteration succeeded in finding operating point.
Direct Newton iteration succeeded in finding operating point.
Direct Newton iteration succeeded in finding operating point.
Direct Newton iteration succeeded in finding operating point.
Direct Newton iteration succeeded in finding operating point.
Direct Newton iteration succeeded in finding operating point.
Direct Newton iteration succeeded in finding operating point.
Direct Newton iteration succeeded in finding operating point.
Direct Newton iteration succeeded in finding operating point.
Direct Newton iteration succeeded in finding operating point.
Direct Newton iteration succeeded in finding operating point.
Direct Newton iteration succeeded in finding operating point.
Direct Newton iteration succeeded in finding operating point.
Direct Newton iteration succeeded in finding operating point.
Direct Newton iteration succeeded in finding operating point.
Direct Newton iteration succeeded in finding operating point.
Direct Newton iteration succeeded in finding operating point.
Direct Newton iteration succeeded in finding operating point.
Direct Newton iteration succeeded in finding operating point.
Direct Newton iteration succeeded in finding operating point.
Direct Newton iteration succeeded in finding operating point.
Direct Newton iteration succeeded in finding operating point.
Direct Newton iteration succeeded in finding operating point.
Direct Newton iteration succeeded in finding operating point.
Total elapsed time: 13.691 seconds.

Files loaded:
C:\Users\Owner\CLionProjects\EEL-3111C_Circuits-1\Lab-3_LTspice\Examples\3-4_Monte-Carlo.net

vamax: MAX(V(A))=4.44762611389 FROM 1 TO 1000
vamin: MIN(V(A))=4.36215305328 FROM 1 TO 1000
vbmax: MAX(V(B))=3.22821354866 FROM 1 TO 1000
vbmin: MIN(V(B))=3.03787326813 FROM 1 TO 1000
vcmax: MAX(V(C))=1.95770704746 FROM 1 TO 1000
vcmin: MIN(V(C))=1.77942121029 FROM 1 TO 1000
vdmax: MAX(V(D))=0.637887060642 FROM 1 TO 1000
vdmin: MIN(V(D))=0.553106427193 FROM 1 TO 1000
