LTspice 26.0.2 for Windows
Circuit: C:\Users\Owner\CLionProjects\EEL-3111C_Circuits-1\Lab-3_LTspice\Examples\3-5_Monte-Carlo-with-Different-Tolerances.net
Start Time: Tue Sep  8 18:56:43 2026
solver = Normal
Maximum thread count: 16
tnom = 27
temp = 27
method = trap
Direct Newton iteration succeeded in finding operating point.
Direct Newton iteration succeeded in finding operating point.
Direct Newton iteration succeeded in finding operating point.
Direct Newton iteration succeeded in finding operating point.
Direct Newton iteration succeeded in finding operating point.
Direct Newton iteration succeeded in finding operating point.
Direct Newton iteration succeeded in finding operating point.
Direct Newton iteration succeeded in finding operating point.
Direct Newton iteration succeeded in finding operating point.
Direct Newton iteration succeeded in finding operating point.
Direct Newton iteration succeeded in finding operating point.
Direct Newton iteration succeeded in finding operating point.
Direct Newton iteration succeeded in finding operating point.
Direct Newton iteration succeeded in finding operating point.
Direct Newton iteration succeeded in finding operating point.
Direct Newton iteration succeeded in finding operating point.
Direct Newton iteration succeeded in finding operating point.
Direct Newton iteration succeeded in finding operating point.
Direct Newton iteration succeeded in finding operating point.
Direct Newton iteration succeeded in finding operating point.
Direct Newton iteration succeeded in finding operating point.
Direct Newton iteration succeeded in finding operating point.
Direct Newton iteration succeeded in finding operating point.
Direct Newton iteration succeeded in finding operating point.
Direct Newton iteration succeeded in finding operating point.
Direct Newton iteration succeeded in finding operating point.
Direct Newton iteration succeeded in finding operating point.
Direct Newton iteration succeeded in finding operating point.
Direct Newton iteration succeeded in finding operating point.
Direct Newton iteration succeeded in finding operating point.
Direct Newton iteration succeeded in finding operating point.
Direct Newton iteration succeeded in finding operating point.
Direct Newton iteration succeeded in finding operating point.
Direct Newton iteration succeeded in finding operating point.
Direct Newton iteration succeeded in finding operating point.
Direct Newton iteration succeeded in finding operating point.
Direct Newton iteration succeeded in finding operating point.
Direct Newton iteration succeeded in finding operating point.
Direct Newton iteration succeeded in finding operating point.
Direct Newton iteration succeeded in finding operating point.
Direct Newton iteration succeeded in finding operating point.
Direct Newton iteration succeeded in finding operating point.
Direct Newton iteration succeeded in finding operating point.
Direct Newton iteration succeeded in finding operating point.
Direct Newton iteration succeeded in finding operating point.
Direct Newton iteration succeeded in finding operating point.
Direct Newton iteration succeeded in finding operating point.
Direct Newton iteration succeeded in finding operating point.
Direct Newton iteration succeeded in finding operating point.
Direct Newton iteration succeeded in finding operating point.
Direct Newton iteration succeeded in finding operating point.
Direct Newton iteration succeeded in finding operating point.
Direct Newton iteration succeeded in finding operating point.
Direct Newton iteration succeeded in finding operating point.
Direct Newton iteration succeeded in finding operating point.
Direct Newton iteration succeeded in finding operating point.
Direct Newton iteration succeeded in finding operating point.
Direct Newton iteration succeeded in finding operating point.
Direct Newton iteration succeeded in finding operating point.
Direct Newton iteration succeeded in finding operating point.
Direct Newton iteration succeeded in finding operating point.
Direct Newton iteration succeeded in finding operating point.
Direct Newton iteration succeeded in finding operating point.
Direct Newton iteration succeeded in finding operating point.
Direct Newton iteration succeeded in finding operating point.
Direct Newton iteration succeeded in finding operating point.
Direct Newton iteration succeeded in finding operating point.
Direct Newton iteration succeeded in finding operating point.
Direct Newton iteration succeeded in finding operating point.
Direct Newton iteration succeeded in finding operating point.
Direct Newton iteration succeeded in finding operating point.
Direct Newton iteration succeeded in finding operating point.
Direct Newton iteration succeeded in finding operating point.
Direct Newton iteration succeeded in finding operating point.
Direct Newton iteration succeeded in finding operating point.
Direct Newton iteration succeeded in finding operating point.
Direct Newton iteration succeeded in finding operating point.
Direct Newton iteration succeeded in finding operating point.
Direct Newton iteration succeeded in finding operating point.
Direct Newton iteration succeeded in finding operating point.
Direct Newton iteration succeeded in finding operating point.
Direct Newton iteration succeeded in finding operating point.
Direct Newton iteration succeeded in finding operating point.
Direct Newton iteration succeeded in finding operating point.
Direct Newton iteration succeeded in finding operating point.
Direct Newton iteration succeeded in finding operating point.
Direct Newton iteration succeeded in finding operating point.
Direct Newton iteration succeeded in finding operating point.
Direct Newton iteration succeeded in finding operating point.
Direct Newton iteration succeeded in finding operating point.
Direct Newton iteration succeeded in finding operating point.
Direct Newton iteration succeeded in finding operating point.
Direct Newton iteration succeeded in finding operating point.
Direct Newton iteration succeeded in finding operating point.
Direct Newton iteration succeeded in finding operating point.
Direct Newton iteration succeeded in finding operating point.
Direct Newton iteration succeeded in finding operating point.
Direct Newton iteration succeeded in finding operating point.
Direct Newton iteration succeeded in finding operating point.
Direct Newton iteration succeeded in finding operating point.
Direct Newton iteration succeeded in finding operating point.
Direct Newton iteration succeeded in finding operating point.
Direct Newton iteration succeeded in finding operating point.
Direct Newton iteration succeeded in finding operating point.
Direct Newton iteration succeeded in finding operating point.
Direct Newton iteration succeeded in finding operating point.
Direct Newton iteration succeeded in finding operating point.
Direct Newton iteration succeeded in finding operating point.
Direct Newton iteration succeeded in finding operating point.
Direct Newton iteration succeeded in finding operating point.
Direct Newton iteration succeeded in finding operating point.
Direct Newton iteration succeeded in finding operating point.
Direct Newton iteration succeeded in finding operating point.
Direct Newton iteration succeeded in finding operating point.
Direct Newton iteration succeeded in finding operating point.
Direct Newton iteration succeeded in finding operating point.
Direct Newton iteration succeeded in finding operating point.
Direct Newton iteration succeeded in finding operating point.
Direct Newton iteration succeeded in finding operating point.
Direct Newton iteration succeeded in finding operating point.
Direct Newton iteration succeeded in finding operating point.
Direct Newton iteration succeeded in finding operating point.
Direct Newton iteration succeeded in finding operating point.
Direct Newton iteration succeeded in finding operating point.
Direct Newton iteration succeeded in finding operating point.
Direct Newton iteration succeeded in finding operating point.
Direct Newton iteration succeeded in finding operating point.
Direct Newton iteration succeeded in finding operating point.
Direct Newton iteration succeeded in finding operating point.
Direct Newton iteration succeeded in finding operating point.
Direct Newton iteration succeeded in finding operating point.
Direct Newton iteration succeeded in finding operating point.
Direct Newton iteration succeeded in finding operating point.
Direct Newton iteration succeeded in finding operating point.
Direct Newton iteration succeeded in finding operating point.
Direct Newton iteration succeeded in finding operating point.
Direct Newton iteration succeeded in finding operating point.
Direct Newton iteration succeeded in finding operating point.
Direct Newton iteration succeeded in finding operating point.
Direct Newton iteration succeeded in finding operating point.
Direct Newton iteration succeeded in finding operating point.
Direct Newton iteration succeeded in finding operating point.
Direct Newton iteration succeeded in finding operating point.
Direct Newton iteration succeeded in finding operating point.
Direct Newton iteration succeeded in finding operating point.
Direct Newton iteration succeeded in finding operating point.
Direct Newton iteration succeeded in finding operating point.
Direct Newton iteration succeeded in finding operating point.
Direct Newton iteration succeeded in finding operating point.
Direct Newton iteration succeeded in finding operating point.
Direct Newton iteration succeeded in finding operating point.
Direct Newton iteration succeeded in finding operating point.
Direct Newton iteration succeeded in finding operating point.
Direct Newton iteration succeeded in finding operating point.
Direct Newton iteration succeeded in finding operating point.
Direct Newton iteration succeeded in finding operating point.
Direct Newton iteration succeeded in finding operating point.
Direct Newton iteration succeeded in finding operating point.
Direct Newton iteration succeeded in finding operating point.
Direct Newton iteration succeeded in finding operating point.
Direct Newton iteration succeeded in finding operating point.
Direct Newton iteration succeeded in finding operating point.
Direct Newton iteration succeeded in finding operating point.
Direct Newton iteration succeeded in finding operating point.
Direct Newton iteration succeeded in finding operating point.
Direct Newton iteration succeeded in finding operating point.
Direct Newton iteration succeeded in finding operating point.
Direct Newton iteration succeeded in finding operating point.
Direct Newton iteration succeeded in finding operating point.
Direct Newton iteration succeeded in finding operating point.
Direct Newton iteration succeeded in finding operating point.
Direct Newton iteration succeeded in finding operating point.
Direct Newton iteration succeeded in finding operating point.
Direct Newton iteration succeeded in finding operating point.
Direct Newton iteration succeeded in finding operating point.
Direct Newton iteration succeeded in finding operating point.
Direct Newton iteration succeeded in finding operating point.
Direct Newton iteration succeeded in finding operating point.
Direct Newton iteration succeeded in finding operating point.
Direct Newton iteration succeeded in finding operating point.
Direct Newton iteration succeeded in finding operating point.
Direct Newton iteration succeeded in finding operating point.
Direct Newton iteration succeeded in finding operating point.
Direct Newton iteration succeeded in finding operating point.
Direct Newton iteration succeeded in finding operating point.
Direct Newton iteration succeeded in finding operating point.
Direct Newton iteration succeeded in finding operating point.
Direct Newton iteration succeeded in finding operating point.
Direct Newton iteration succeeded in finding operating point.
Direct Newton iteration succeeded in finding operating point.
Direct Newton iteration succeeded in finding operating point.
Direct Newton iteration succeeded in finding operating point.
Direct Newton iteration succeeded in finding operating point.
Direct Newton iteration succeeded in finding operating point.
Direct Newton iteration succeeded in finding operating point.
Direct Newton iteration succeeded in finding operating point.
Direct Newton iteration succeeded in finding operating point.
Direct Newton iteration succeeded in finding operating point.
Direct Newton iteration succeeded in finding operating point.
Direct Newton iteration succeeded in finding operating point.
Direct Newton iteration succeeded in finding operating point.
Direct Newton iteration succeeded in finding operating point.
Direct Newton iteration succeeded in finding operating point.
Direct Newton iteration succeeded in finding operating point.
Direct Newton iteration succeeded in finding operating point.
Direct Newton iteration succeeded in finding operating point.
Direct Newton iteration succeeded in finding operating point.
Direct Newton iteration succeeded in finding operating point.
Direct Newton iteration succeeded in finding operating point.
Direct Newton iteration succeeded in finding operating point.
Direct Newton iteration succeeded in finding operating point.
Direct Newton iteration succeeded in finding operating point.
Direct Newton iteration succeeded in finding operating point.
Direct Newton iteration succeeded in finding operating point.
Direct Newton iteration succeeded in finding operating point.
Direct Newton iteration succeeded in finding operating point.
Direct Newton iteration succeeded in finding operating point.
Direct Newton iteration succeeded in finding operating point.
Direct Newton iteration succeeded in finding operating point.
Direct Newton iteration succeeded in finding operating point.
Direct Newton iteration succeeded in finding operating point.
Direct Newton iteration succeeded in finding operating point.
Direct Newton iteration succeeded in finding operating point.
Direct Newton iteration succeeded in finding operating point.
Direct Newton iteration succeeded in finding operating point.
Direct Newton iteration succeeded in finding operating point.
Direct Newton iteration succeeded in finding operating point.
Direct Newton iteration succeeded in finding operating point.
Direct Newton iteration succeeded in finding operating point.
Direct Newton iteration succeeded in finding operating point.
Direct Newton iteration succeeded in finding operating point.
Direct Newton iteration succeeded in finding operating point.
Direct Newton iteration succeeded in finding operating point.
Direct Newton iteration succeeded in finding operating point.
Direct Newton iteration succeeded in finding operating point.
Direct Newton iteration succeeded in finding operating point.
Direct Newton iteration succeeded in finding operating point.
Direct Newton iteration succeeded in finding operating point.
Direct Newton iteration succeeded in finding operating point.
Direct Newton iteration succeeded in finding operating point.
Direct Newton iteration succeeded in finding operating point.
Direct Newton iteration succeeded in finding operating point.
Direct Newton iteration succeeded in finding operating point.
Direct Newton iteration succeeded in finding operating point.
Direct Newton iteration succeeded in finding operating point.
Direct Newton iteration succeeded in finding operating point.
Direct Newton iteration succeeded in finding operating point.
Direct Newton iteration succeeded in finding operating point.
Direct Newton iteration succeeded in finding operating point.
Direct Newton iteration succeeded in finding operating point.
Direct Newton iteration succeeded in finding operating point.
Direct Newton iteration succeeded in finding operating point.
Direct Newton iteration succeeded in finding operating point.
Direct Newton iteration succeeded in finding operating point.
Direct Newton iteration succeeded in finding operating point.
Direct Newton iteration succeeded in finding operating point.
Direct Newton iteration succeeded in finding operating point.
Direct Newton iteration succeeded in finding operating point.
Direct Newton iteration succeeded in finding operating point.
Direct Newton iteration succeeded in finding operating point.
Direct Newton iteration succeeded in finding operating point.
Direct Newton iteration succeeded in finding operating point.
Direct Newton iteration succeeded in finding operating point.
Direct Newton iteration succeeded in finding operating point.
Direct Newton iteration succeeded in finding operating point.
Direct Newton iteration succeeded in finding operating point.
Direct Newton iteration succeeded in finding operating point.
Direct Newton iteration succeeded in finding operating point.
Direct Newton iteration succeeded in finding operating point.
Direct Newton iteration succeeded in finding operating point.
Direct Newton iteration succeeded in finding operating point.
Direct Newton iteration succeeded in finding operating point.
Direct Newton iteration succeeded in finding operating point.
Direct Newton iteration succeeded in finding operating point.
Direct Newton iteration succeeded in finding operating point.
Direct Newton iteration succeeded in finding operating point.
Direct Newton iteration succeeded in finding operating point.
Direct Newton iteration succeeded in finding operating point.
Direct Newton iteration succeeded in finding operating point.
Direct Newton iteration succeeded in finding operating point.
Direct Newton iteration succeeded in finding operating point.
Direct Newton iteration succeeded in finding operating point.
Direct Newton iteration succeeded in finding operating point.
Direct Newton iteration succeeded in finding operating point.
Direct Newton iteration succeeded in finding operating point.
Direct Newton iteration succeeded in finding operating point.
Direct Newton iteration succeeded in finding operating point.
Direct Newton iteration succeeded in finding operating point.
Direct Newton iteration succeeded in finding operating point.
Direct Newton iteration succeeded in finding operating point.
Direct Newton iteration succeeded in finding operating point.
Direct Newton iteration succeeded in finding operating point.
Direct Newton iteration succeeded in finding operating point.
Direct Newton iteration succeeded in finding operating point.
Direct Newton iteration succeeded in finding operating point.
Direct Newton iteration succeeded in finding operating point.
Direct Newton iteration succeeded in finding operating point.
Direct Newton iteration succeeded in finding operating point.
Direct Newton iteration succeeded in finding operating point.
Direct Newton iteration succeeded in finding operating point.
Direct Newton iteration succeeded in finding operating point.
Direct Newton iteration succeeded in finding operating point.
Direct Newton iteration succeeded in finding operating point.
Direct Newton iteration succeeded in finding operating point.
Direct Newton iteration succeeded in finding operating point.
Direct Newton iteration succeeded in finding operating point.
Direct Newton iteration succeeded in finding operating point.
Direct Newton iteration succeeded in finding operating point.
Direct Newton iteration succeeded in finding operating point.
Direct Newton iteration succeeded in finding operating point.
Direct Newton iteration succeeded in finding operating point.
Direct Newton iteration succeeded in finding operating point.
Direct Newton iteration succeeded in finding operating point.
Direct Newton iteration succeeded in finding operating point.
Direct Newton iteration succeeded in finding operating point.
Direct Newton iteration succeeded in finding operating point.
Direct Newton iteration succeeded in finding operating point.
Direct Newton iteration succeeded in finding operating point.
Direct Newton iteration succeeded in finding operating point.
Direct Newton iteration succeeded in finding operating point.
Direct Newton iteration succeeded in finding operating point.
Direct Newton iteration succeeded in finding operating point.
Direct Newton iteration succeeded in finding operating point.
Direct Newton iteration succeeded in finding operating point.
Direct Newton iteration succeeded in finding operating point.
Direct Newton iteration succeeded in finding operating point.
Direct Newton iteration succeeded in finding operating point.
Direct Newton iteration succeeded in finding operating point.
Direct Newton iteration succeeded in finding operating point.
Direct Newton iteration succeeded in finding operating point.
Direct Newton iteration succeeded in finding operating point.
Direct Newton iteration succeeded in finding operating point.
Direct Newton iteration succeeded in finding operating point.
Direct Newton iteration succeeded in finding operating point.
Direct Newton iteration succeeded in finding operating point.
Direct Newton iteration succeeded in finding operating point.
Direct Newton iteration succeeded in finding operating point.
Direct Newton iteration succeeded in finding operating point.
Direct Newton iteration succeeded in finding operating point.
Direct Newton iteration succeeded in finding operating point.
Direct Newton iteration succeeded in finding operating point.
Direct Newton iteration succeeded in finding operating point.
Direct Newton iteration succeeded in finding operating point.
Direct Newton iteration succeeded in finding operating point.
Direct Newton iteration succeeded in finding operating point.
Direct Newton iteration succeeded in finding operating point.
Direct Newton iteration succeeded in finding operating point.
Direct Newton iteration succeeded in finding operating point.
Direct Newton iteration succeeded in finding operating point.
Direct Newton iteration succeeded in finding operating point.
Direct Newton iteration succeeded in finding operating point.
Direct Newton iteration succeeded in finding operating point.
Direct Newton iteration succeeded in finding operating point.
Direct Newton iteration succeeded in finding operating point.
Direct Newton iteration succeeded in finding operating point.
Direct Newton iteration succeeded in finding operating point.
Direct Newton iteration succeeded in finding operating point.
Direct Newton iteration succeeded in finding operating point.
Direct Newton iteration succeeded in finding operating point.
Direct Newton iteration succeeded in finding operating point.
Direct Newton iteration succeeded in finding operating point.
Direct Newton iteration succeeded in finding operating point.
Direct Newton iteration succeeded in finding operating point.
Direct Newton iteration succeeded in finding operating point.
Direct Newton iteration succeeded in finding operating point.
Direct Newton iteration succeeded in finding operating point.
Direct Newton iteration succeeded in finding operating point.
Direct Newton iteration succeeded in finding operating point.
Direct Newton iteration succeeded in finding operating point.
Direct Newton iteration succeeded in finding operating point.
Direct Newton iteration succeeded in finding operating point.
Direct Newton iteration succeeded in finding operating point.
Direct Newton iteration succeeded in finding operating point.
Direct Newton iteration succeeded in finding operating point.
Direct Newton iteration succeeded in finding operating point.
Direct Newton iteration succeeded in finding operating point.
Direct Newton iteration succeeded in finding operating point.
Direct Newton iteration succeeded in finding operating point.
Direct Newton iteration succeeded in finding operating point.
Direct Newton iteration succeeded in finding operating point.
Direct Newton iteration succeeded in finding operating point.
Direct Newton iteration succeeded in finding operating point.
Direct Newton iteration succeeded in finding operating point.
Direct Newton iteration succeeded in finding operating point.
Direct Newton iteration succeeded in finding operating point.
Direct Newton iteration succeeded in finding operating point.
Direct Newton iteration succeeded in finding operating point.
Direct Newton iteration succeeded in finding operating point.
Direct Newton iteration succeeded in finding operating point.
Direct Newton iteration succeeded in finding operating point.
Direct Newton iteration succeeded in finding operating point.
Direct Newton iteration succeeded in finding operating point.
Direct Newton iteration succeeded in finding operating point.
Direct Newton iteration succeeded in finding operating point.
Direct Newton iteration succeeded in finding operating point.
Direct Newton iteration succeeded in finding operating point.
Direct Newton iteration succeeded in finding operating point.
Direct Newton iteration succeeded in finding operating point.
Direct Newton iteration succeeded in finding operating point.
Direct Newton iteration succeeded in finding operating point.
Direct Newton iteration succeeded in finding operating point.
Direct Newton iteration succeeded in finding operating point.
Direct Newton iteration succeeded in finding operating point.
Direct Newton iteration succeeded in finding operating point.
Direct Newton iteration succeeded in finding operating point.
Direct Newton iteration succeeded in finding operating point.
Direct Newton iteration succeeded in finding operating point.
Direct Newton iteration succeeded in finding operating point.
Direct Newton iteration succeeded in finding operating point.
Direct Newton iteration succeeded in finding operating point.
Direct Newton iteration succeeded in finding operating point.
Direct Newton iteration succeeded in finding operating point.
Direct Newton iteration succeeded in finding operating point.
Direct Newton iteration succeeded in finding operating point.
Direct Newton iteration succeeded in finding operating point.
Direct Newton iteration succeeded in finding operating point.
Direct Newton iteration succeeded in finding operating point.
Direct Newton iteration succeeded in finding operating point.
Direct Newton iteration succeeded in finding operating point.
Direct Newton iteration succeeded in finding operating point.
Direct Newton iteration succeeded in finding operating point.
Direct Newton iteration succeeded in finding operating point.
Direct Newton iteration succeeded in finding operating point.
Direct Newton iteration succeeded in finding operating point.
Direct Newton iteration succeeded in finding operating point.
Direct Newton iteration succeeded in finding operating point.
Direct Newton iteration succeeded in finding operating point.
Direct Newton iteration succeeded in finding operating point.
Direct Newton iteration succeeded in finding operating point.
Direct Newton iteration succeeded in finding operating point.
Direct Newton iteration succeeded in finding operating point.
Direct Newton iteration succeeded in finding operating point.
Direct Newton iteration succeeded in finding operating point.
Direct Newton iteration succeeded in finding operating point.
Direct Newton iteration succeeded in finding operating point.
Direct Newton iteration succeeded in finding operating point.
Direct Newton iteration succeeded in finding operating point.
Direct Newton iteration succeeded in finding operating point.
Direct Newton iteration succeeded in finding operating point.
Direct Newton iteration succeeded in finding operating point.
Direct Newton iteration succeeded in finding operating point.
Direct Newton iteration succeeded in finding operating point.
Direct Newton iteration succeeded in finding operating point.
Direct Newton iteration succeeded in finding operating point.
Direct Newton iteration succeeded in finding operating point.
Direct Newton iteration succeeded in finding operating point.
Direct Newton iteration succeeded in finding operating point.
Direct Newton iteration succeeded in finding operating point.
Direct Newton iteration succeeded in finding operating point.
Direct Newton iteration succeeded in finding operating point.
Direct Newton iteration succeeded in finding operating point.
Direct Newton iteration succeeded in finding operating point.
Direct Newton iteration succeeded in finding operating point.
Direct Newton iteration succeeded in finding operating point.
Direct Newton iteration succeeded in finding operating point.
Direct Newton iteration succeeded in finding operating point.
Direct Newton iteration succeeded in finding operating point.
Direct Newton iteration succeeded in finding operating point.
Direct Newton iteration succeeded in finding operating point.
Direct Newton iteration succeeded in finding operating point.
Direct Newton iteration succeeded in finding operating point.
Direct Newton iteration succeeded in finding operating point.
Direct Newton iteration succeeded in finding operating point.
Direct Newton iteration succeeded in finding operating point.
Direct Newton iteration succeeded in finding operating point.
Direct Newton iteration succeeded in finding operating point.
Direct Newton iteration succeeded in finding operating point.
Direct Newton iteration succeeded in finding operating point.
Direct Newton iteration succeeded in finding operating point.
Direct Newton iteration succeeded in finding operating point.
Direct Newton iteration succeeded in finding operating point.
Direct Newton iteration succeeded in finding operating point.
Direct Newton iteration succeeded in finding operating point.
Direct Newton iteration succeeded in finding operating point.
Direct Newton iteration succeeded in finding operating point.
Direct Newton iteration succeeded in finding operating point.
Direct Newton iteration succeeded in finding operating point.
Direct Newton iteration succeeded in finding operating point.
Direct Newton iteration succeeded in finding operating point.
Direct Newton iteration succeeded in finding operating point.
Direct Newton iteration succeeded in finding operating point.
Direct Newton iteration succeeded in finding operating point.
Direct Newton iteration succeeded in finding operating point.
Direct Newton iteration succeeded in finding operating point.
Direct Newton iteration succeeded in finding operating point.
Direct Newton iteration succeeded in finding operating point.
Direct Newton iteration succeeded in finding operating point.
Direct Newton iteration succeeded in finding operating point.
Direct Newton iteration succeeded in finding operating point.
Direct Newton iteration succeeded in finding operating point.
Direct Newton iteration succeeded in finding operating point.
Direct Newton iteration succeeded in finding operating point.
Direct Newton iteration succeeded in finding operating point.
Direct Newton iteration succeeded in finding operating point.
Direct Newton iteration succeeded in finding operating point.
Direct Newton iteration succeeded in finding operating point.
Direct Newton iteration succeeded in finding operating point.
Direct Newton iteration succeeded in finding operating point.
Direct Newton iteration succeeded in finding operating point.
Direct Newton iteration succeeded in finding operating point.
Direct Newton iteration succeeded in finding operating point.
Direct Newton iteration succeeded in finding operating point.
Direct Newton iteration succeeded in finding operating point.
Direct Newton iteration succeeded in finding operating point.
Direct Newton iteration succeeded in finding operating point.
Direct Newton iteration succeeded in finding operating point.
Direct Newton iteration succeeded in finding operating point.
Direct Newton iteration succeeded in finding operating point.
Direct Newton iteration succeeded in finding operating point.
Direct Newton iteration succeeded in finding operating point.
Direct Newton iteration succeeded in finding operating point.
Direct Newton iteration succeeded in finding operating point.
Direct Newton iteration succeeded in finding operating point.
Direct Newton iteration succeeded in finding operating point.
Direct Newton iteration succeeded in finding operating point.
Direct Newton iteration succeeded in finding operating point.
Direct Newton iteration succeeded in finding operating point.
Direct Newton iteration succeeded in finding operating point.
Direct Newton iteration succeeded in finding operating point.
Direct Newton iteration succeeded in finding operating point.
Direct Newton iteration succeeded in finding operating point.
Direct Newton iteration succeeded in finding operating point.
Direct Newton iteration succeeded in finding operating point.
Direct Newton iteration succeeded in finding operating point.
Direct Newton iteration succeeded in finding operating point.
Direct Newton iteration succeeded in finding operating point.
Direct Newton iteration succeeded in finding operating point.
Direct Newton iteration succeeded in finding operating point.
Direct Newton iteration succeeded in finding operating point.
Direct Newton iteration succeeded in finding operating point.
Direct Newton iteration succeeded in finding operating point.
Direct Newton iteration succeeded in finding operating point.
Direct Newton iteration succeeded in finding operating point.
Direct Newton iteration succeeded in finding operating point.
Direct Newton iteration succeeded in finding operating point.
Direct Newton iteration succeeded in finding operating point.
Direct Newton iteration succeeded in finding operating point.
Direct Newton iteration succeeded in finding operating point.
Direct Newton iteration succeeded in finding operating point.
Direct Newton iteration succeeded in finding operating point.
Direct Newton iteration succeeded in finding operating point.
Direct Newton iteration succeeded in finding operating point.
Direct Newton iteration succeeded in finding operating point.
Direct Newton iteration succeeded in finding operating point.
Direct Newton iteration succeeded in finding operating point.
Direct Newton iteration succeeded in finding operating point.
Direct Newton iteration succeeded in finding operating point.
Direct Newton iteration succeeded in finding operating point.
Direct Newton iteration succeeded in finding operating point.
Direct Newton iteration succeeded in finding operating point.
Direct Newton iteration succeeded in finding operating point.
Direct Newton iteration succeeded in finding operating point.
Direct Newton iteration succeeded in finding operating point.
Direct Newton iteration succeeded in finding operating point.
Direct Newton iteration succeeded in finding operating point.
Direct Newton iteration succeeded in finding operating point.
Direct Newton iteration succeeded in finding operating point.
Direct Newton iteration succeeded in finding operating point.
Direct Newton iteration succeeded in finding operating point.
Direct Newton iteration succeeded in finding operating point.
Direct Newton iteration succeeded in finding operating point.
Direct Newton iteration succeeded in finding operating point.
Direct Newton iteration succeeded in finding operating point.
Direct Newton iteration succeeded in finding operating point.
Direct Newton iteration succeeded in finding operating point.
Direct Newton iteration succeeded in finding operating point.
Direct Newton iteration succeeded in finding operating point.
Direct Newton iteration succeeded in finding operating point.
Direct Newton iteration succeeded in finding operating point.
Direct Newton iteration succeeded in finding operating point.
Direct Newton iteration succeeded in finding operating point.
Direct Newton iteration succeeded in finding operating point.
Direct Newton iteration succeeded in finding operating point.
Direct Newton iteration succeeded in finding operating point.
Direct Newton iteration succeeded in finding operating point.
Direct Newton iteration succeeded in finding operating point.
Direct Newton iteration succeeded in finding operating point.
Direct Newton iteration succeeded in finding operating point.
Direct Newton iteration succeeded in finding operating point.
Direct Newton iteration succeeded in finding operating point.
Direct Newton iteration succeeded in finding operating point.
Direct Newton iteration succeeded in finding operating point.
Direct Newton iteration succeeded in finding operating point.
Direct Newton iteration succeeded in finding operating point.
Direct Newton iteration succeeded in finding operating point.
Direct Newton iteration succeeded in finding operating point.
Direct Newton iteration succeeded in finding operating point.
Direct Newton iteration succeeded in finding operating point.
Direct Newton iteration succeeded in finding operating point.
Direct Newton iteration succeeded in finding operating point.
Direct Newton iteration succeeded in finding operating point.
Direct Newton iteration succeeded in finding operating point.
Direct Newton iteration succeeded in finding operating point.
Direct Newton iteration succeeded in finding operating point.
Direct Newton iteration succeeded in finding operating point.
Direct Newton iteration succeeded in finding operating point.
Direct Newton iteration succeeded in finding operating point.
Direct Newton iteration succeeded in finding operating point.
Direct Newton iteration succeeded in finding operating point.
Direct Newton iteration succeeded in finding operating point.
Direct Newton iteration succeeded in finding operating point.
Direct Newton iteration succeeded in finding operating point.
Direct Newton iteration succeeded in finding operating point.
Direct Newton iteration succeeded in finding operating point.
Direct Newton iteration succeeded in finding operating point.
Direct Newton iteration succeeded in finding operating point.
Direct Newton iteration succeeded in finding operating point.
Direct Newton iteration succeeded in finding operating point.
Direct Newton iteration succeeded in finding operating point.
Direct Newton iteration succeeded in finding operating point.
Direct Newton iteration succeeded in finding operating point.
Direct Newton iteration succeeded in finding operating point.
Direct Newton iteration succeeded in finding operating point.
Direct Newton iteration succeeded in finding operating point.
Direct Newton iteration succeeded in finding operating point.
Direct Newton iteration succeeded in finding operating point.
Direct Newton iteration succeeded in finding operating point.
Direct Newton iteration succeeded in finding operating point.
Direct Newton iteration succeeded in finding operating point.
Direct Newton iteration succeeded in finding operating point.
Direct Newton iteration succeeded in finding operating point.
Direct Newton iteration succeeded in finding operating point.
Direct Newton iteration succeeded in finding operating point.
Direct Newton iteration succeeded in finding operating point.
Direct Newton iteration succeeded in finding operating point.
Direct Newton iteration succeeded in finding operating point.
Direct Newton iteration succeeded in finding operating point.
Direct Newton iteration succeeded in finding operating point.
Direct Newton iteration succeeded in finding operating point.
Direct Newton iteration succeeded in finding operating point.
Direct Newton iteration succeeded in finding operating point.
Direct Newton iteration succeeded in finding operating point.
Direct Newton iteration succeeded in finding operating point.
Direct Newton iteration succeeded in finding operating point.
Direct Newton iteration succeeded in finding operating point.
Direct Newton iteration succeeded in finding operating point.
Direct Newton iteration succeeded in finding operating point.
Direct Newton iteration succeeded in finding operating point.
Direct Newton iteration succeeded in finding operating point.
Direct Newton iteration succeeded in finding operating point.
Direct Newton iteration succeeded in finding operating point.
Direct Newton iteration succeeded in finding operating point.
Direct Newton iteration succeeded in finding operating point.
Direct Newton iteration succeeded in finding operating point.
Direct Newton iteration succeeded in finding operating point.
Direct Newton iteration succeeded in finding operating point.
Direct Newton iteration succeeded in finding operating point.
Direct Newton iteration succeeded in finding operating point.
Direct Newton iteration succeeded in finding operating point.
Direct Newton iteration succeeded in finding operating point.
Direct Newton iteration succeeded in finding operating point.
Direct Newton iteration succeeded in finding operating point.
Direct Newton iteration succeeded in finding operating point.
Direct Newton iteration succeeded in finding operating point.
Direct Newton iteration succeeded in finding operating point.
Direct Newton iteration succeeded in finding operating point.
Direct Newton iteration succeeded in finding operating point.
Direct Newton iteration succeeded in finding operating point.
Direct Newton iteration succeeded in finding operating point.
Direct Newton iteration succeeded in finding operating point.
Direct Newton iteration succeeded in finding operating point.
Direct Newton iteration succeeded in finding operating point.
Direct Newton iteration succeeded in finding operating point.
Direct Newton iteration succeeded in finding operating point.
Direct Newton iteration succeeded in finding operating point.
Direct Newton iteration succeeded in finding operating point.
Direct Newton iteration succeeded in finding operating point.
Direct Newton iteration succeeded in finding operating point.
Direct Newton iteration succeeded in finding operating point.
Direct Newton iteration succeeded in finding operating point.
Direct Newton iteration succeeded in finding operating point.
Direct Newton iteration succeeded in finding operating point.
Direct Newton iteration succeeded in finding operating point.
Direct Newton iteration succeeded in finding operating point.
Direct Newton iteration succeeded in finding operating point.
Direct Newton iteration succeeded in finding operating point.
Direct Newton iteration succeeded in finding operating point.
Direct Newton iteration succeeded in finding operating point.
Direct Newton iteration succeeded in finding operating point.
Direct Newton iteration succeeded in finding operating point.
Direct Newton iteration succeeded in finding operating point.
Direct Newton iteration succeeded in finding operating point.
Direct Newton iteration succeeded in finding operating point.
Direct Newton iteration succeeded in finding operating point.
Direct Newton iteration succeeded in finding operating point.
Direct Newton iteration succeeded in finding operating point.
Direct Newton iteration succeeded in finding operating point.
Direct Newton iteration succeeded in finding operating point.
Direct Newton iteration succeeded in finding operating point.
Direct Newton iteration succeeded in finding operating point.
Direct Newton iteration succeeded in finding operating point.
Direct Newton iteration succeeded in finding operating point.
Direct Newton iteration succeeded in finding operating point.
Direct Newton iteration succeeded in finding operating point.
Direct Newton iteration succeeded in finding operating point.
Direct Newton iteration succeeded in finding operating point.
Direct Newton iteration succeeded in finding operating point.
Direct Newton iteration succeeded in finding operating point.
Direct Newton iteration succeeded in finding operating point.
Direct Newton iteration succeeded in finding operating point.
Direct Newton iteration succeeded in finding operating point.
Direct Newton iteration succeeded in finding operating point.
Direct Newton iteration succeeded in finding operating point.
Direct Newton iteration succeeded in finding operating point.
Direct Newton iteration succeeded in finding operating point.
Direct Newton iteration succeeded in finding operating point.
Direct Newton iteration succeeded in finding operating point.
Direct Newton iteration succeeded in finding operating point.
Direct Newton iteration succeeded in finding operating point.
Direct Newton iteration succeeded in finding operating point.
Direct Newton iteration succeeded in finding operating point.
Direct Newton iteration succeeded in finding operating point.
Direct Newton iteration succeeded in finding operating point.
Direct Newton iteration succeeded in finding operating point.
Direct Newton iteration succeeded in finding operating point.
Direct Newton iteration succeeded in finding operating point.
Direct Newton iteration succeeded in finding operating point.
Direct Newton iteration succeeded in finding operating point.
Direct Newton iteration succeeded in finding operating point.
Direct Newton iteration succeeded in finding operating point.
Direct Newton iteration succeeded in finding operating point.
Direct Newton iteration succeeded in finding operating point.
Direct Newton iteration succeeded in finding operating point.
Direct Newton iteration succeeded in finding operating point.
Direct Newton iteration succeeded in finding operating point.
Direct Newton iteration succeeded in finding operating point.
Direct Newton iteration succeeded in finding operating point.
Direct Newton iteration succeeded in finding operating point.
Direct Newton iteration succeeded in finding operating point.
Direct Newton iteration succeeded in finding operating point.
Direct Newton iteration succeeded in finding operating point.
Direct Newton iteration succeeded in finding operating point.
Direct Newton iteration succeeded in finding operating point.
Direct Newton iteration succeeded in finding operating point.
Direct Newton iteration succeeded in finding operating point.
Direct Newton iteration succeeded in finding operating point.
Direct Newton iteration succeeded in finding operating point.
Direct Newton iteration succeeded in finding operating point.
Direct Newton iteration succeeded in finding operating point.
Direct Newton iteration succeeded in finding operating point.
Direct Newton iteration succeeded in finding operating point.
Direct Newton iteration succeeded in finding operating point.
Direct Newton iteration succeeded in finding operating point.
Direct Newton iteration succeeded in finding operating point.
Direct Newton iteration succeeded in finding operating point.
Direct Newton iteration succeeded in finding operating point.
Direct Newton iteration succeeded in finding operating point.
Direct Newton iteration succeeded in finding operating point.
Direct Newton iteration succeeded in finding operating point.
Direct Newton iteration succeeded in finding operating point.
Direct Newton iteration succeeded in finding operating point.
Direct Newton iteration succeeded in finding operating point.
Direct Newton iteration succeeded in finding operating point.
Direct Newton iteration succeeded in finding operating point.
Direct Newton iteration succeeded in finding operating point.
Direct Newton iteration succeeded in finding operating point.
Direct Newton iteration succeeded in finding operating point.
Direct Newton iteration succeeded in finding operating point.
Direct Newton iteration succeeded in finding operating point.
Direct Newton iteration succeeded in finding operating point.
Direct Newton iteration succeeded in finding operating point.
Direct Newton iteration succeeded in finding operating point.
Direct Newton iteration succeeded in finding operating point.
Direct Newton iteration succeeded in finding operating point.
Direct Newton iteration succeeded in finding operating point.
Direct Newton iteration succeeded in finding operating point.
Direct Newton iteration succeeded in finding operating point.
Direct Newton iteration succeeded in finding operating point.
Direct Newton iteration succeeded in finding operating point.
Direct Newton iteration succeeded in finding operating point.
Direct Newton iteration succeeded in finding operating point.
Direct Newton iteration succeeded in finding operating point.
Direct Newton iteration succeeded in finding operating point.
Direct Newton iteration succeeded in finding operating point.
Direct Newton iteration succeeded in finding operating point.
Direct Newton iteration succeeded in finding operating point.
Direct Newton iteration succeeded in finding operating point.
Direct Newton iteration succeeded in finding operating point.
Direct Newton iteration succeeded in finding operating point.
Direct Newton iteration succeeded in finding operating point.
Direct Newton iteration succeeded in finding operating point.
Direct Newton iteration succeeded in finding operating point.
Direct Newton iteration succeeded in finding operating point.
Direct Newton iteration succeeded in finding operating point.
Direct Newton iteration succeeded in finding operating point.
Direct Newton iteration succeeded in finding operating point.
Direct Newton iteration succeeded in finding operating point.
Direct Newton iteration succeeded in finding operating point.
Direct Newton iteration succeeded in finding operating point.
Direct Newton iteration succeeded in finding operating point.
Direct Newton iteration succeeded in finding operating point.
Direct Newton iteration succeeded in finding operating point.
Direct Newton iteration succeeded in finding operating point.
Direct Newton iteration succeeded in finding operating point.
Direct Newton iteration succeeded in finding operating point.
Direct Newton iteration succeeded in finding operating point.
Direct Newton iteration succeeded in finding operating point.
Direct Newton iteration succeeded in finding operating point.
Direct Newton iteration succeeded in finding operating point.
Direct Newton iteration succeeded in finding operating point.
Direct Newton iteration succeeded in finding operating point.
Direct Newton iteration succeeded in finding operating point.
Direct Newton iteration succeeded in finding operating point.
Direct Newton iteration succeeded in finding operating point.
Direct Newton iteration succeeded in finding operating point.
Direct Newton iteration succeeded in finding operating point.
Direct Newton iteration succeeded in finding operating point.
Direct Newton iteration succeeded in finding operating point.
Direct Newton iteration succeeded in finding operating point.
Direct Newton iteration succeeded in finding operating point.
Direct Newton iteration succeeded in finding operating point.
Direct Newton iteration succeeded in finding operating point.
Direct Newton iteration succeeded in finding operating point.
Direct Newton iteration succeeded in finding operating point.
Direct Newton iteration succeeded in finding operating point.
Direct Newton iteration succeeded in finding operating point.
Direct Newton iteration succeeded in finding operating point.
Direct Newton iteration succeeded in finding operating point.
Direct Newton iteration succeeded in finding operating point.
Direct Newton iteration succeeded in finding operating point.
Direct Newton iteration succeeded in finding operating point.
Direct Newton iteration succeeded in finding operating point.
Direct Newton iteration succeeded in finding operating point.
Direct Newton iteration succeeded in finding operating point.
Direct Newton iteration succeeded in finding operating point.
Direct Newton iteration succeeded in finding operating point.
Direct Newton iteration succeeded in finding operating point.
Direct Newton iteration succeeded in finding operating point.
Direct Newton iteration succeeded in finding operating point.
Direct Newton iteration succeeded in finding operating point.
Direct Newton iteration succeeded in finding operating point.
Direct Newton iteration succeeded in finding operating point.
Direct Newton iteration succeeded in finding operating point.
Direct Newton iteration succeeded in finding operating point.
Direct Newton iteration succeeded in finding operating point.
Direct Newton iteration succeeded in finding operating point.
Direct Newton iteration succeeded in finding operating point.
Direct Newton iteration succeeded in finding operating point.
Direct Newton iteration succeeded in finding operating point.
Direct Newton iteration succeeded in finding operating point.
Direct Newton iteration succeeded in finding operating point.
Direct Newton iteration succeeded in finding operating point.
Direct Newton iteration succeeded in finding operating point.
Direct Newton iteration succeeded in finding operating point.
Direct Newton iteration succeeded in finding operating point.
Direct Newton iteration succeeded in finding operating point.
Direct Newton iteration succeeded in finding operating point.
Direct Newton iteration succeeded in finding operating point.
Direct Newton iteration succeeded in finding operating point.
Direct Newton iteration succeeded in finding operating point.
Direct Newton iteration succeeded in finding operating point.
Direct Newton iteration succeeded in finding operating point.
Direct Newton iteration succeeded in finding operating point.
Direct Newton iteration succeeded in finding operating point.
Direct Newton iteration succeeded in finding operating point.
Direct Newton iteration succeeded in finding operating point.
Direct Newton iteration succeeded in finding operating point.
Direct Newton iteration succeeded in finding operating point.
Direct Newton iteration succeeded in finding operating point.
Direct Newton iteration succeeded in finding operating point.
Direct Newton iteration succeeded in finding operating point.
Direct Newton iteration succeeded in finding operating point.
Direct Newton iteration succeeded in finding operating point.
Direct Newton iteration succeeded in finding operating point.
Direct Newton iteration succeeded in finding operating point.
Direct Newton iteration succeeded in finding operating point.
Direct Newton iteration succeeded in finding operating point.
Direct Newton iteration succeeded in finding operating point.
Direct Newton iteration succeeded in finding operating point.
Direct Newton iteration succeeded in finding operating point.
Direct Newton iteration succeeded in finding operating point.
Direct Newton iteration succeeded in finding operating point.
Direct Newton iteration succeeded in finding operating point.
Direct Newton iteration succeeded in finding operating point.
Direct Newton iteration succeeded in finding operating point.
Direct Newton iteration succeeded in finding operating point.
Direct Newton iteration succeeded in finding operating point.
Direct Newton iteration succeeded in finding operating point.
Direct Newton iteration succeeded in finding operating point.
Direct Newton iteration succeeded in finding operating point.
Direct Newton iteration succeeded in finding operating point.
Direct Newton iteration succeeded in finding operating point.
Direct Newton iteration succeeded in finding operating point.
Direct Newton iteration succeeded in finding operating point.
Direct Newton iteration succeeded in finding operating point.
Direct Newton iteration succeeded in finding operating point.
Direct Newton iteration succeeded in finding operating point.
Direct Newton iteration succeeded in finding operating point.
Direct Newton iteration succeeded in finding operating point.
Direct Newton iteration succeeded in finding operating point.
Direct Newton iteration succeeded in finding operating point.
Direct Newton iteration succeeded in finding operating point.
Direct Newton iteration succeeded in finding operating point.
Direct Newton iteration succeeded in finding operating point.
Direct Newton iteration succeeded in finding operating point.
Direct Newton iteration succeeded in finding operating point.
Direct Newton iteration succeeded in finding operating point.
Direct Newton iteration succeeded in finding operating point.
Direct Newton iteration succeeded in finding operating point.
Direct Newton iteration succeeded in finding operating point.
Direct Newton iteration succeeded in finding operating point.
Direct Newton iteration succeeded in finding operating point.
Direct Newton iteration succeeded in finding operating point.
Direct Newton iteration succeeded in finding operating point.
Direct Newton iteration succeeded in finding operating point.
Direct Newton iteration succeeded in finding operating point.
Direct Newton iteration succeeded in finding operating point.
Direct Newton iteration succeeded in finding operating point.
Direct Newton iteration succeeded in finding operating point.
Direct Newton iteration succeeded in finding operating point.
Direct Newton iteration succeeded in finding operating point.
Direct Newton iteration succeeded in finding operating point.
Direct Newton iteration succeeded in finding operating point.
Direct Newton iteration succeeded in finding operating point.
Direct Newton iteration succeeded in finding operating point.
Direct Newton iteration succeeded in finding operating point.
Direct Newton iteration succeeded in finding operating point.
Direct Newton iteration succeeded in finding operating point.
Direct Newton iteration succeeded in finding operating point.
Direct Newton iteration succeeded in finding operating point.
Direct Newton iteration succeeded in finding operating point.
Direct Newton iteration succeeded in finding operating point.
Direct Newton iteration succeeded in finding operating point.
Direct Newton iteration succeeded in finding operating point.
Direct Newton iteration succeeded in finding operating point.
Direct Newton iteration succeeded in finding operating point.
Direct Newton iteration succeeded in finding operating point.
Direct Newton iteration succeeded in finding operating point.
Direct Newton iteration succeeded in finding operating point.
Direct Newton iteration succeeded in finding operating point.
Direct Newton iteration succeeded in finding operating point.
Direct Newton iteration succeeded in finding operating point.
Direct Newton iteration succeeded in finding operating point.
Direct Newton iteration succeeded in finding operating point.
Direct Newton iteration succeeded in finding operating point.
Direct Newton iteration succeeded in finding operating point.
Direct Newton iteration succeeded in finding operating point.
Direct Newton iteration succeeded in finding operating point.
Direct Newton iteration succeeded in finding operating point.
Direct Newton iteration succeeded in finding operating point.
Direct Newton iteration succeeded in finding operating point.
Direct Newton iteration succeeded in finding operating point.
Direct Newton iteration succeeded in finding operating point.
Direct Newton iteration succeeded in finding operating point.
Direct Newton iteration succeeded in finding operating point.
Direct Newton iteration succeeded in finding operating point.
Direct Newton iteration succeeded in finding operating point.
Direct Newton iteration succeeded in finding operating point.
Direct Newton iteration succeeded in finding operating point.
Direct Newton iteration succeeded in finding operating point.
Direct Newton iteration succeeded in finding operating point.
Direct Newton iteration succeeded in finding operating point.
Direct Newton iteration succeeded in finding operating point.
Direct Newton iteration succeeded in finding operating point.
Direct Newton iteration succeeded in finding operating point.
Direct Newton iteration succeeded in finding operating point.
Direct Newton iteration succeeded in finding operating point.
Direct Newton iteration succeeded in finding operating point.
Direct Newton iteration succeeded in finding operating point.
Direct Newton iteration succeeded in finding operating point.
Direct Newton iteration succeeded in finding operating point.
Direct Newton iteration succeeded in finding operating point.
Direct Newton iteration succeeded in finding operating point.
Direct Newton iteration succeeded in finding operating point.
Direct Newton iteration succeeded in finding operating point.
Direct Newton iteration succeeded in finding operating point.
Direct Newton iteration succeeded in finding operating point.
Direct Newton iteration succeeded in finding operating point.
Direct Newton iteration succeeded in finding operating point.
Direct Newton iteration succeeded in finding operating point.
Direct Newton iteration succeeded in finding operating point.
Direct Newton iteration succeeded in finding operating point.
Direct Newton iteration succeeded in finding operating point.
Direct Newton iteration succeeded in finding operating point.
Direct Newton iteration succeeded in finding operating point.
Direct Newton iteration succeeded in finding operating point.
Direct Newton iteration succeeded in finding operating point.
Direct Newton iteration succeeded in finding operating point.
Direct Newton iteration succeeded in finding operating point.
Direct Newton iteration succeeded in finding operating point.
Direct Newton iteration succeeded in finding operating point.
Direct Newton iteration succeeded in finding operating point.
Direct Newton iteration succeeded in finding operating point.
Direct Newton iteration succeeded in finding operating point.
Direct Newton iteration succeeded in finding operating point.
Direct Newton iteration succeeded in finding operating point.
Direct Newton iteration succeeded in finding operating point.
Direct Newton iteration succeeded in finding operating point.
Direct Newton iteration succeeded in finding operating point.
Direct Newton iteration succeeded in finding operating point.
Direct Newton iteration succeeded in finding operating point.
Direct Newton iteration succeeded in finding operating point.
Direct Newton iteration succeeded in finding operating point.
Direct Newton iteration succeeded in finding operating point.
Direct Newton iteration succeeded in finding operating point.
Direct Newton iteration succeeded in finding operating point.
Direct Newton iteration succeeded in finding operating point.
Direct Newton iteration succeeded in finding operating point.
Direct Newton iteration succeeded in finding operating point.
Direct Newton iteration succeeded in finding operating point.
Total elapsed time: 12.700 seconds.

Files loaded:
C:\Users\Owner\CLionProjects\EEL-3111C_Circuits-1\Lab-3_LTspice\Examples\3-5_Monte-Carlo-with-Different-Tolerances.net

vamax: MAX(V(A))=4.4035987854 FROM 1 TO 1000
vamin: MIN(V(A))=4.40351247787 FROM 1 TO 1000
vbmax: MAX(V(B))=3.13461208344 FROM 1 TO 1000
vbmin: MIN(V(B))=3.13442158699 FROM 1 TO 1000
vcmax: MAX(V(C))=1.86557364464 FROM 1 TO 1000
vcmin: MIN(V(C))=1.86539614201 FROM 1 TO 1000
vdmax: MAX(V(D))=0.596487224102 FROM 1 TO 1000
vdmin: MIN(V(D))=0.596402108669 FROM 1 TO 1000
